============================================================
  Generated by:           Genus(TM) Synthesis Solution 23.10-p004_1
  Generated on:           May 25 2025  08:13:04 pm
  Module:                 qcnn
  Operating conditions:   slow (balanced_tree)
  Wireload mode:          enclosed
  Area mode:              timing library
============================================================

                                  Leakage  
   Gate    Instances    Area    Power (nW)  Library  
-----------------------------------------------------
ADDFX1            33   2305.195    119.868    tsmc18 
ADDFX2            65   4540.536    254.630    tsmc18 
ADDHXL             5    182.952      7.118    tsmc18 
AFHCONX2           1     79.834      6.426    tsmc18 
AND2X1            32    425.779     17.257    tsmc18 
AND2X2            41    545.530     27.123    tsmc18 
AND3X2             5     83.160      4.271    tsmc18 
AND4X2             1     19.958      0.982    tsmc18 
AOI211X1          20    332.640      7.626    tsmc18 
AOI211XL           8    133.056      2.203    tsmc18 
AOI21X1           74    984.614     21.977    tsmc18 
AOI21XL           41    545.530     10.123    tsmc18 
AOI221X1          14    325.987      5.543    tsmc18 
AOI221XL           2     46.570      0.628    tsmc18 
AOI222X1          17    452.390      7.127    tsmc18 
AOI222XL           4    106.445      1.333    tsmc18 
AOI22X1          172   2860.704     55.107    tsmc18 
AOI22XL           58    964.656     15.842    tsmc18 
AOI2BB1X1         16    266.112     12.190    tsmc18 
AOI2BB1XL         12    199.584      8.778    tsmc18 
AOI2BB2X1         16    372.557     11.855    tsmc18 
AOI2BB2XL         16    372.557     11.346    tsmc18 
AOI31X1           17    282.744      7.130    tsmc18 
AOI31XL            1     16.632      0.337    tsmc18 
AOI32X1           12    279.418      5.344    tsmc18 
AOI32XL            4     93.139      1.430    tsmc18 
BUFX3             13    172.973      9.916    tsmc18 
CMPR32X1           1     69.854      3.632    tsmc18 
CMPR42X1          11   1244.074     59.973    tsmc18 
DFFHQX1           30   1596.672     56.298    tsmc18 
DFFHQXL            8    425.779     14.195    tsmc18 
DFFRHQX1          21   1466.942     46.635    tsmc18 
DFFRHQXL          15   1047.816     28.245    tsmc18 
DFFRX1             1     76.507      1.820    tsmc18 
DFFRXL             2    153.014      3.701    tsmc18 
DFFSXL             1     63.202      1.850    tsmc18 
DFFTRXL            3    169.646      4.399    tsmc18 
DFFX1             94   5315.587    141.460    tsmc18 
INVX1            139    924.739     18.828    tsmc18 
INVXL            103    685.238     11.729    tsmc18 
MX2X1              4    106.445      5.226    tsmc18 
MXI2X1            37    861.538     47.246    tsmc18 
MXI2XL            27    628.690     31.027    tsmc18 
NAND2BX1          96   1277.338     55.807    tsmc18 
NAND2BXL          10    133.056      5.405    tsmc18 
NAND2X1          188   1876.090     48.551    tsmc18 
NAND2XL           45    449.064      9.783    tsmc18 
NAND3BX1          13    216.216      9.741    tsmc18 
NAND3BXL           2     33.264      1.323    tsmc18 
NAND3X1           16    212.890      6.726    tsmc18 
NAND3XL            4     53.222      1.349    tsmc18 
NAND4BXL           7    139.709      5.305    tsmc18 
NAND4X1           12    199.584      6.423    tsmc18 
NOR2BX1           46    612.058     22.320    tsmc18 
NOR2BXL           48    638.669     21.742    tsmc18 
NOR2X1           162   1616.630     26.260    tsmc18 
NOR2XL            45    449.064      5.843    tsmc18 
NOR3X1            20    266.112      4.189    tsmc18 
NOR3XL             5     66.528      0.777    tsmc18 
NOR4BX1           10    199.584      5.312    tsmc18 
NOR4BXL            2     39.917      0.963    tsmc18 
NOR4X1             1     19.958      0.281    tsmc18 
NOR4XL             1     19.958      0.190    tsmc18 
OAI211X1          10    199.584      4.214    tsmc18 
OAI211XL           4     79.834      1.389    tsmc18 
OAI21XL          221   2940.538     51.660    tsmc18 
OAI221XL          28    651.974     10.073    tsmc18 
OAI222XL          21    558.835      7.856    tsmc18 
OAI22X1           32    638.669      9.820    tsmc18 
OAI22XL            7    139.709      1.724    tsmc18 
OAI2BB1X1         34    565.488     20.472    tsmc18 
OAI2BB1XL         28    465.696     15.716    tsmc18 
OAI2BB2X1         71   1653.221     44.670    tsmc18 
OAI2BB2XL         39    908.107     22.529    tsmc18 
OAI31X1            5     99.792      1.661    tsmc18 
OAI31XL            3     59.875      0.776    tsmc18 
OAI32X1            1     23.285      0.356    tsmc18 
OAI32XL            5    116.424      1.366    tsmc18 
OAI33X1            1     26.611      0.404    tsmc18 
OR2X1              4     53.222      2.968    tsmc18 
OR2X2             55    731.808     43.479    tsmc18 
OR3XL              7    116.424      7.477    tsmc18 
OR4X1              1     19.958      1.330    tsmc18 
OR4X2              7    139.709      9.309    tsmc18 
SDFFHQX1           2    133.056      4.313    tsmc18 
SDFFTRX1           5    365.904      9.725    tsmc18 
SDFFXL             6    399.168     11.045    tsmc18 
XNOR2X1            5    133.056      7.484    tsmc18 
XNOR2XL            2     53.222      2.636    tsmc18 
XOR2X1            23    612.058     39.195    tsmc18 
XOR2XL             3     79.834      4.031    tsmc18 
-----------------------------------------------------
total           2560  52310.967   1685.743           


                                            Leakage  Leakage 
     Type      Instances    Area   Area % Power (nW) Power % 
-------------------------------------------------------------
sequential           188 11213.295   21.4    323.686    19.2 
inverter             242  1609.978    3.1     30.557     1.8 
buffer                13   172.973    0.3      9.916     0.6 
unresolved             7     0.000    0.0      0.000     0.0 
logic               2117 39314.722   75.2   1321.583    78.4 
physical_cells         0     0.000    0.0      0.000     0.0 
-------------------------------------------------------------
total               2567 52310.967  100.0   1685.743   100.0 

