

Working Directory = /home/grd/m5291005/hls/idct25_SL
QoS Summary for qcnn
==========================================================================================
Metric                          generic         map             syn_opt         final          
==========================================================================================
Slack (ps):                     4,573           1,419           1,593           1,593
  R2R (ps):                     4,573           1,419           1,593           1,593
  I2R (ps):                     6,438           6,321           6,320           6,320
  R2O (ps):                     7,285           7,398           7,398           7,398
  I2O (ps):                  no_value        no_value        no_value        no_value
  CG  (ps):                  no_value        no_value        no_value        no_value
TNS (ps):                           0               0               0               0
  R2R (ps):                         0               0               0               0
  I2R (ps):                         0               0               0               0
  R2O (ps):                         0               0               0               0
  I2O (ps):                  no_value        no_value        no_value        no_value
  CG  (ps):                  no_value        no_value        no_value        no_value
Failing Paths:                      0               0               0               0
Cell Area:                    139,448          54,463          52,311          52,311
Total Cell Area:              139,448          54,463          52,311          52,311
Leaf Instances:                 5,772           2,736           2,560           2,560
Total Instances:                5,772           2,736           2,560           2,560
Utilization (%):                 0.00            0.00            0.00            0.00
Tot. Net Length (um):        no_value        no_value        no_value        no_value
Avg. Net Length (um):        no_value        no_value        no_value        no_value
Route Overflow H (%):        no_value        no_value        no_value        no_value
Route Overflow V (%):        no_value        no_value        no_value        no_value
MBCI(%) (bits/gate) :            0.00            0.00            0.00            0.00
Norm Cong Hotspot Area:
  Max Cong:                  no_value        no_value        no_value        no_value
  Tot Cong:                  no_value        no_value        no_value        no_value
==========================================================================================
CPU  Runtime (h:m:s):        00:01:56        00:00:58        00:00:10        00:00:00
Real Runtime (h:m:s):        00:01:53        00:00:39        00:00:10        00:00:01
CPU  Elapsed (h:m:s):        00:01:58        00:02:56        00:03:06        00:03:06
Real Elapsed (h:m:s):        00:01:53        00:02:32        00:02:42        00:02:43
Memory (MB):                  1669.16         1660.93         1680.75         1688.75
==========================================================================================
==========================================================================================
Flow Settings:
==========================================================================================
Total Runtime (h:m:s): 00:02:44
Total Memory (MB):     1688.75
Executable Version:    23.10-p004_1
==========================================================================================
Total Cell Area =  Cell Area + Physical Cell Area
Total Instances =  Leaf Instances + Physical Instances


