============================================================
  Generated by:           Genus(TM) Synthesis Solution 23.10-p004_1
  Generated on:           May 25 2025  08:13:03 pm
  Module:                 qcnn
  Operating conditions:   slow (balanced_tree)
  Wireload mode:          enclosed
  Area mode:              timing library
============================================================

Timing
--------

Clock  Period 
--------------
clock 11000.0 


  Cost    Critical         Violating 
 Group   Path Slack  TNS     Paths   
-------------------------------------
C2C          1592.9   0.0          0 
C2O          7398.4   0.0          0 
clock      No paths   0.0            
default    No paths   0.0            
I2C          6320.4   0.0          0 
I2O        No paths   0.0            
-------------------------------------
Total                 0.0          0 

Instance Count
--------------
Leaf Instance Count             2560 
Physical Instance count            0 
Sequential Instance Count        188 
Combinational Instance Count    2372 
Hierarchical Instance Count        7 

Area
----
Cell Area                          52310.967
Physical Cell Area                 0.000
Total Cell Area (Cell+Physical)    52310.967
Net Area                           0.000
Total Area (Cell+Physical+Net)     52310.967

Runtime                            0.0 seconds
Elapsed Runtime                    165 seconds
Genus peak memory usage            1688.75 
Innovus peak memory usage          no_value 
Hostname                           cadsv211.u-aizu.ac.jp
