============================================================
  Generated by:           Genus(TM) Synthesis Solution 21.12-s068_1
  Generated on:           Mar 14 2023  07:10:16 pm
  Module:                 idct
  Operating conditions:   slow (balanced_tree)
  Wireload mode:          enclosed
  Area mode:              timing library
============================================================

                  Instance                               Module             Cell Count   Cell Area  Net Area   Total Area   Wireload  
--------------------------------------------------------------------------------------------------------------------------------------
idct                                                                             43020 1045491.176     0.000  1045491.176 <none> (D)  
  ADD_TC_OP1_Y_ADD_TC_OP                     add_signed_1558                       265    5914.485     0.000     5914.485 <none> (D)  
  WALLACE_CSA_DUMMY_OP5_groupi               WALLACE_CSA_DUMMY_OP5_group_5         995   22207.216     0.000    22207.216 <none> (D)  
  WALLACE_CSA_DUMMY_OP_groupi                WALLACE_CSA_DUMMY_OP_group_7          968   21604.608     0.000    21604.608 <none> (D)  
  add_20245_115                              add_signed_232_2                      139    3102.315     0.000     3102.315 <none> (D)  
  add_20334_115                              add_signed                            235    5244.920     0.000     5244.920 <none> (D)  
  add_20462_115                              add_signed_232_2_4364                 139    3102.315     0.000     3102.315 <none> (D)  
  add_20745_115                              add_signed_220                        228    5088.689     0.000     5088.689 <none> (D)  
  add_20860_127                              add_signed_232_2_4365                 133    2968.402     0.000     2968.402 <none> (D)  
  add_21120_77                               add_unsigned_136_6                    192    4285.212     0.000     4285.212 <none> (D)  
  add_21426_77                               add_unsigned_136_6_4368               192    4285.212     0.000     4285.212 <none> (D)  
  add_21652_127                              add_signed_1378                       271    6048.398     0.000     6048.398 <none> (D)  
  add_21756_77                               add_unsigned_136_6_4370               198    4419.124     0.000     4419.124 <none> (D)  
  add_21818_84                               add_unsigned_136_6_4366               171    3816.517     0.000     3816.517 <none> (D)  
  add_27199_73_Y_add_21126_84_Y_add_21824_56 add_unsigned_136_6_4367               192    4285.212     0.000     4285.212 <none> (D)  
  add_27217_107                              add_signed_1036                       222    4954.776     0.000     4954.776 <none> (D)  
  add_27247_78                               add_unsigned_136_6_4369               145    3236.227     0.000     3236.227 <none> (D)  
  const_mul_20252_119                        mult_signed_const_416_417             609   13592.155     0.000    13592.155 <none> (D)  
  const_mul_20258_118                        mult_signed_const_586_587             405    9039.118     0.000     9039.118 <none> (D)  
  const_mul_20341_119                        mult_signed_const_516_517             699   15600.848     0.000    15600.848 <none> (D)  
  const_mul_20469_121                        mult_signed_const_330                 592   13212.736     0.000    13212.736 <none> (D)  
  const_mul_20476_119                        mult_signed_const_452_453             437    9753.320     0.000     9753.320 <none> (D)  
  const_mul_20538_119                        mult_signed_const_755_756             444    9909.552     0.000     9909.552 <none> (D)  
  const_mul_20867_121                        mult_signed_const_4494_4496           450   10043.465     0.000    10043.465 <none> (D)  
  const_mul_20898_105                        mult_signed_const_795_796             446    9954.189     0.000     9954.189 <none> (D)  
  const_mul_21043_105                        mult_signed_const_4003_4005           272    6070.716     0.000     6070.716 <none> (D)  
  const_mul_27211_82                         mult_unsigned_const_713               421    9396.219     0.000     9396.219 <none> (D)  
  sub_20455_134                              sub_signed_1958                       232    5177.964     0.000     5177.964 <none> (D)  
  sub_20531_115                              sub_signed_318                        238    5311.877     0.000     5311.877 <none> (D)  
  sub_20614_115                              sub_signed_216                        240    5356.514     0.000     5356.514 <none> (D)  
  sub_20763_77                               sub_unsigned_3044                     102    2276.519     0.000     2276.519 <none> (D)  
  sub_21012_115                              sub_signed_224                        257    5735.934     0.000     5735.934 <none> (D)  
  sub_21257_115                              sub_signed_218                        247    5512.746     0.000     5512.746 <none> (D)  
  sub_21312_134                              sub_signed_1959_4423                  190    4240.574     0.000     4240.574 <none> (D)  
  sub_21576_90                               sub_signed_1473                       269    6003.760     0.000     6003.760 <none> (D)  
  sub_21763_80                               sub_signed_1959                       209    4664.631     0.000     4664.631 <none> (D)  
  sub_27187_171                              sub_signed_1961                       241    5378.833     0.000     5378.833 <none> (D)  
  sub_27205_73                               sub_unsigned                          123    2745.214     0.000     2745.214 <none> (D)  
  sub_27229_115                              sub_unsigned_966                      229    5111.007     0.000     5111.007 <none> (D)  
  (D) = wireload is default in technology library
