============================================================
  Generated by:           Genus(TM) Synthesis Solution 23.10-p004_1
  Generated on:           May 25 2025  08:12:13 pm
  Module:                 qcnn
  Operating conditions:   slow (balanced_tree)
  Wireload mode:          enclosed
  Area mode:              timing library
============================================================

Timing
--------

Clock  Period 
--------------
clock 11000.0 


  Cost    Critical         Violating 
 Group   Path Slack  TNS     Paths   
-------------------------------------
C2C          4573.0   0.0          0 
C2O          7284.7   0.0          0 
clock      No paths   0.0            
default    No paths   0.0            
I2C          6438.4   0.0          0 
I2O        No paths   0.0            
-------------------------------------
Total                 0.0          0 

Instance Count
--------------
Leaf Instance Count             5772 
Physical Instance count            0 
Sequential Instance Count        188 
Combinational Instance Count    5584 
Hierarchical Instance Count       15 

Area
----
Cell Area                          139447.933
Physical Cell Area                 0.000
Total Cell Area (Cell+Physical)    139447.933
Net Area                           0.000
Total Area (Cell+Physical+Net)     139447.933

Runtime                            0.0 seconds
Elapsed Runtime                    116 seconds
Genus peak memory usage            1677.16 
Innovus peak memory usage          no_value 
Hostname                           cadsv211.u-aizu.ac.jp
