============================================================
  Generated by:           Genus(TM) Synthesis Solution 23.10-p004_1
  Generated on:           Apr 03 2025  01:34:10 pm
  Module:                 idct
  Operating conditions:   slow (balanced_tree)
  Wireload mode:          enclosed
  Area mode:              timing library
============================================================


Path 1: MET (6873 ps) Setup Check with Pin s_reg_6_reg[0]/CK->D
          Group: I2C
     Startpoint: (R) start
          Clock: (R) clock
       Endpoint: (R) s_reg_6_reg[0]/D
          Clock: (R) clock

                     Capture       Launch     
        Clock Edge:+   20000            0     
        Drv Adjust:+       0            0     
       Src Latency:+       0            0     
       Net Latency:+       0 (I)        0 (I) 
           Arrival:=   20000            0     
                                              
             Setup:-     134                  
     Required Time:=   19866                  
      Launch Clock:-       0                  
       Input Delay:-    7200                  
         Data Path:-    5793                  
             Slack:=    6873                  

Exceptions/Constraints:
  input_delay             7200            idct.sdc_line_5 

#------------------------------------------------------------------------------------------
#  Timing Point    Flags   Arc   Edge   Cell     Fanout  Load Trans Delay Arrival Instance 
#                                                        (fF)  (ps)  (ps)   (ps)  Location 
#------------------------------------------------------------------------------------------
  start            -       -     R     (arrival)      4  15.0     0     0    7200    (-,-) 
  g554025/Y        -       B->Y  F     NAND3BX1       5  18.6   257   169    7369    (-,-) 
  g553333/Y        -       AN->Y F     NOR2BX1        3  11.7   176   268    7637    (-,-) 
  g546450/Y        -       B->Y  R     NAND3X1        3  10.4   239   169    7806    (-,-) 
  g546384/Y        -       A->Y  R     AND3X2       100 445.4  2643  1639    9446    (-,-) 
  g546325/Y        -       A->Y  R     AND2X2        97 405.7  2565  1668   11114    (-,-) 
  g546286/Y        -       A->Y  F     INVX1         32 113.7  1118   984   12098    (-,-) 
  g545035/Y        -       B0->Y R     OAI221XL       1   4.7   539   532   12630    (-,-) 
  g544634/Y        -       C0->Y F     AOI221X1       1   4.4   709   119   12749    (-,-) 
  g543694/Y        -       C->Y  R     NAND3X1        1   1.9   203   244   12993    (-,-) 
  s_reg_6_reg[0]/D -       -     R     DFFX1          1     -     -     0   12993    (-,-) 
#------------------------------------------------------------------------------------------

