============================================================
  Generated by:           Genus(TM) Synthesis Solution 23.10-p004_1
  Generated on:           Apr 03 2025  01:33:09 pm
  Module:                 idct
  Operating conditions:   slow (balanced_tree)
  Wireload mode:          enclosed
  Area mode:              timing library
============================================================


Path 1: MET (473 ps) Setup Check with Pin s_reg_32_reg[13]/CK->D
          Group: C2C
     Startpoint: (R) gs_ctrl_proc_h800b00_reg[2]/CK
          Clock: (R) clock
       Endpoint: (F) s_reg_32_reg[13]/D
          Clock: (R) clock

                     Capture       Launch     
        Clock Edge:+   20000            0     
       Src Latency:+       0            0     
       Net Latency:+       0 (I)        0 (I) 
           Arrival:=   20000            0     
                                              
             Setup:-     334                  
     Required Time:=   19666                  
      Launch Clock:-       0                  
         Data Path:-   19193                  
             Slack:=     473                  

#----------------------------------------------------------------------------------------------------------------------
#                Timing Point                 Flags    Arc   Edge   Cell     Fanout  Load Trans Delay Arrival Instance 
#                                                                                    (fF)  (ps)  (ps)   (ps)  Location 
#----------------------------------------------------------------------------------------------------------------------
  gs_ctrl_proc_h800b00_reg[2]/CK              -       -      R     (arrival)   1642     -     0     0       0    (-,-) 
  gs_ctrl_proc_h800b00_reg[2]/Q               -       CK->Q  R     DFFTRX1        6  28.5   395   530     530    (-,-) 
  g256456__6783/Y                             -       B->Y   R     AND2X4        59 270.4   814   600    1130    (-,-) 
  g256455/Y                                   -       A->Y   F     INVX8         25 103.9   207   151    1281    (-,-) 
  g256442__2883/Y                             -       B->Y   F     AND2X2        25 115.5   393   434    1715    (-,-) 
  g256372__5526/Y                             -       A1->Y  R     AOI22X1        1   4.0   259   241    1956    (-,-) 
  g256338__5477/Y                             -       A->Y   F     NAND2X1        2   7.4   123    98    2054    (-,-) 
  add_12849_127_g1208/Y                       -       A->Y   R     NAND2X1        4  13.6   232   158    2212    (-,-) 
  add_12849_127_g1158/Y                       -       A1->Y  F     OAI21X1        3   8.3   137   131    2343    (-,-) 
  add_12849_127_g1156/Y                       -       A1N->Y F     OAI2BB1X1      3  10.8   147   250    2593    (-,-) 
  add_12849_127_g1155/Y                       -       A->Y   R     NAND2X1        1   4.0   117    98    2691    (-,-) 
  add_12849_127_g1153/Y                       -       A->Y   F     NAND2X1        3  10.8   132   101    2793    (-,-) 
  add_12849_127_g1152/Y                       -       A->Y   R     NAND2X1        1   4.0   117    94    2887    (-,-) 
  add_12849_127_g1150/Y                       -       A->Y   F     NAND2X1        3   8.3   113    89    2976    (-,-) 
  add_12849_127_g1148/Y                       -       A1N->Y F     OAI2BB1X1      3   8.3   128   230    3205    (-,-) 
  add_12849_127_g1146/Y                       -       A1N->Y F     OAI2BB1X1      3   9.4   137   240    3445    (-,-) 
  add_12849_127_g1144/Y                       -       A1N->Y F     OAI2BB1X2      4  15.4   111   210    3656    (-,-) 
  add_12849_127_g1143/Y                       -       A->Y   R     NAND2X1        2   8.3   169   119    3774    (-,-) 
  add_12849_127_g1140/Y                       -       A->Y   F     NOR2X1         1   4.4   102    69    3844    (-,-) 
  add_12849_127_g1135/Y                       -       A0->Y  R     OAI21X1        1   4.0   210   158    4002    (-,-) 
  add_12849_127_g1134/Y                       -       A->Y   F     NAND2X1        1   2.6    80    67    4068    (-,-) 
  add_12849_127_g1132/Y                       -       A1N->Y F     OAI2BB1X2      2   8.2    84   175    4244    (-,-) 
  add_12849_127_g1130/Y                       -       A1N->Y F     OAI2BB1X2      3   8.3    84   176    4420    (-,-) 
  add_12849_127_g1129/Y                       -       B0->Y  R     OAI2BB2X1      2  10.0   323   217    4638    (-,-) 
  g256605__8428/Y                             -       A->Y   R     MX2X2          5  35.3   253   311    4948    (-,-) 
  WALLACE_CSA_DUMMY_OP_groupi_cdnca_013_0/S   -       D->S   F     CMPR42X1       1   6.8   128   814    5762    (-,-) 
  WALLACE_CSA_DUMMY_OP_groupi_cdnfadd_013_1/S -       B->S   F     ADDFX1         1   3.5   147   549    6312    (-,-) 
  WALLACE_CSA_DUMMY_OP_groupi_g1632/Y         -       A->Y   R     INVX1          2   8.3   150   119    6430    (-,-) 
  WALLACE_CSA_DUMMY_OP_groupi_g1605/Y         -       A->Y   F     NAND2X1        2   8.3   114    94    6524    (-,-) 
  WALLACE_CSA_DUMMY_OP_groupi_g1524/Y         -       A1->Y  R     AOI21X1        3  10.2   300   244    6768    (-,-) 
  WALLACE_CSA_DUMMY_OP_groupi_g1522/Y         -       A0->Y  F     OAI21XL        3  11.4   214   179    6946    (-,-) 
  WALLACE_CSA_DUMMY_OP_groupi_g1521/Y         -       A1N->Y F     OAI2BB2X1      5  17.2   218   311    7257    (-,-) 
  add_12788_77_g1632/Y                        -       A->Y   F     OR2X2          2   7.8    83   239    7496    (-,-) 
  add_12788_77_g1611/Y                        -       A0->Y  R     AOI32X1        1   3.0   262   199    7695    (-,-) 
  add_12788_77_g1609/Y                        -       B0->Y  F     OAI21XL        1   4.4   143   131    7827    (-,-) 
  add_12788_77_g1605/Y                        -       B0->Y  R     AOI21X1        3  10.2   301   213    8040    (-,-) 
  add_12788_77_g1603/Y                        -       A0->Y  F     OAI21XL        3   8.3   177   153    8192    (-,-) 
  add_12788_77_g1601/Y                        -       A1N->Y F     OAI2BB1X1      3   8.3   128   246    8439    (-,-) 
  add_12788_77_g1599/Y                        -       A1N->Y F     OAI2BB1X1      1   6.2   113   222    8660    (-,-) 
  add_12788_77_g1598/CO                       -       CI->CO F     ADDFXL         1   6.2   146   330    8990    (-,-) 
  add_12788_77_g1597/CO                       -       CI->CO F     ADDFX2         1   6.2   145   349    9339    (-,-) 
  add_12788_77_g1596/CO                       -       CI->CO F     ADDFX2         1   6.2   145   348    9688    (-,-) 
  add_12788_77_g1595/CO                       -       CI->CO F     ADDFX2         1   6.2   145   348   10036    (-,-) 
  add_12788_77_g1594/CO                       -       CI->CO F     ADDFX2         2   9.4   154   361   10397    (-,-) 
  add_12788_77_g1593/Y                        -       B->Y   R     NAND2BX1       2   7.6   168   138   10535    (-,-) 
  add_12788_77_g1590/Y                        -       A0->Y  F     OAI221XL       1   6.2   218   177   10712    (-,-) 
  add_12788_77_g1588/CO                       -       CI->CO F     ADDFX2         1   6.2   145   368   11080    (-,-) 
  add_12788_77_g1587/CO                       -       CI->CO F     ADDFX2         1   6.2   145   348   11429    (-,-) 
  add_12788_77_g1586/CO                       -       CI->CO F     ADDFX2         1   6.2   145   348   11777    (-,-) 
  add_12788_77_g1585/CO                       -       CI->CO F     ADDFX2         1   6.2   145   348   12126    (-,-) 
  add_12788_77_g1584/CO                       -       CI->CO F     ADDFX2         1   8.6   152   358   12484    (-,-) 
  add_12788_77_g1641/Y                        -       A->Y   R     XOR2X2        15  69.9   457   475   12959    (-,-) 
  g554073/Y                                   -       B0->Y  F     AOI22X1       10  51.8   551   421   13379    (-,-) 
  g553686/Y                                   -       A->Y   R     INVX4         17  66.1   270   265   13644    (-,-) 
  g553359/Y                                   -       A->Y   R     AND2X2         8  33.0   249   278   13922    (-,-) 
  g552510/Y                                   -       A0->Y  F     OAI21X1       16  75.5   666   442   14364    (-,-) 
  g552068/Y                                   -       A->Y   R     INVX2          9  31.2   279   284   14649    (-,-) 
  g551117/Y                                   -       A0->Y  F     OAI21XL        2   9.0   201   156   14805    (-,-) 
  g550177/Y                                   -       B0->Y  R     AOI22X1        1   3.5   337   216   15021    (-,-) 
  g550151/Y                                   -       A->Y   F     INVX1          1   4.0    88    67   15088    (-,-) 
  g548974/Y                                   -       C->Y   F     OR4X2          2   9.1   118   416   15504    (-,-) 
  g548597/Y                                   -       C->Y   F     OR4X2          1   4.2    98   403   15907    (-,-) 
  g547752/Y                                   -       C->Y   R     NOR3X1         7  36.4   976   638   16545    (-,-) 
  g547545/Y                                   -       A0->Y  F     OAI21XL        1  15.3   331   272   16816    (-,-) 
  g559785/Y                                   -       B->Y   R     NAND2BX4      96 353.2  1155   737   17553    (-,-) 
  g547376/Y                                   -       A->Y   F     INVX2         19  86.7   464   395   17948    (-,-) 
  g544931/Y                                   -       A0->Y  R     AOI211X1       5  19.6   642   497   18445    (-,-) 
  g544422/Y                                   -       B0->Y  F     OAI21XL       10  28.7   455   400   18845    (-,-) 
  g543060/Y                                   -       A0->Y  R     AOI211XL       1   2.6   294   290   19135    (-,-) 
  g542994/Y                                   -       A->Y   F     INVXL          1   2.1    77    58   19193    (-,-) 
  s_reg_32_reg[13]/D                          -       -      F     DFFHQX1        1     -     -     0   19193    (-,-) 
#----------------------------------------------------------------------------------------------------------------------

