============================================================
  Generated by:           Genus(TM) Synthesis Solution 23.10-p004_1
  Generated on:           Apr 03 2025  01:33:08 pm
  Module:                 idct
  Operating conditions:   slow (balanced_tree)
  Wireload mode:          enclosed
  Area mode:              timing library
============================================================


Path 1: MET (7091 ps) Setup Check with Pin s_reg_5_reg[1]/CK->D
          Group: I2C
     Startpoint: (R) start
          Clock: (R) clock
       Endpoint: (R) s_reg_5_reg[1]/D
          Clock: (R) clock

                     Capture       Launch     
        Clock Edge:+   20000            0     
        Drv Adjust:+       0            0     
       Src Latency:+       0            0     
       Net Latency:+       0 (I)        0 (I) 
           Arrival:=   20000            0     
                                              
             Setup:-     173                  
     Required Time:=   19827                  
      Launch Clock:-       0                  
       Input Delay:-    7200                  
         Data Path:-    5536                  
             Slack:=    7091                  

Exceptions/Constraints:
  input_delay             7200            idct.sdc_line_5 

#------------------------------------------------------------------------------------------
#  Timing Point    Flags   Arc   Edge   Cell     Fanout  Load Trans Delay Arrival Instance 
#                                                        (fF)  (ps)  (ps)   (ps)  Location 
#------------------------------------------------------------------------------------------
  start            -       -     R     (arrival)      4  15.0     0     0    7200    (-,-) 
  g554025/Y        -       B->Y  F     NAND3BX1       5  18.6   258   169    7369    (-,-) 
  g553333/Y        -       AN->Y F     NOR2BX1        3  11.7   177   268    7637    (-,-) 
  g546450/Y        -       B->Y  R     NAND3X1        3  10.4   239   169    7806    (-,-) 
  g546384/Y        -       A->Y  R     AND3X2       100 445.4  2642  1639    9446    (-,-) 
  g546323/Y        -       A->Y  R     AND2X2       109 443.1  2798  1796   11242    (-,-) 
  g546262/Y        -       A->Y  F     INVX1         18  67.3   910   720   11962    (-,-) 
  g545031/Y        -       B0->Y R     OAI221XL       1   4.7   508   484   12446    (-,-) 
  g544629/Y        -       C0->Y F     AOI221X1       1   4.2   377   115   12561    (-,-) 
  g543517/Y        -       C0->Y R     OAI211X1       1   2.1   252   175   12736    (-,-) 
  s_reg_5_reg[1]/D -       -     R     DFFHQX1        1     -     -     0   12736    (-,-) 
#------------------------------------------------------------------------------------------

