============================================================
  Generated by:           Genus(TM) Synthesis Solution 23.10-p004_1
  Generated on:           Apr 03 2025  01:33:09 pm
  Module:                 idct
  Operating conditions:   slow (balanced_tree)
  Wireload mode:          enclosed
  Area mode:              timing library
============================================================


Path 1: MET (12490 ps) Late External Delay Assertion at pin outdata[7]
          Group: C2O
     Startpoint: (R) outdata_reg[7]/CK
          Clock: (R) clock
       Endpoint: (R) outdata[7]
          Clock: (R) clock

                     Capture       Launch     
        Clock Edge:+   20000            0     
       Src Latency:+       0            0     
       Net Latency:+       0 (I)        0 (I) 
           Arrival:=   20000            0     
                                              
      Output Delay:-    7200                  
     Required Time:=   12800                  
      Launch Clock:-       0                  
         Data Path:-     310                  
             Slack:=   12490                  

Exceptions/Constraints:
  output_delay             7200            idct.sdc_line_29 

#------------------------------------------------------------------------------------------
#   Timing Point    Flags   Arc   Edge   Cell     Fanout Load Trans Delay Arrival Instance 
#                                                        (fF)  (ps)  (ps)   (ps)  Location 
#------------------------------------------------------------------------------------------
  outdata_reg[7]/CK -       -     R     (arrival)   1642    -     0     0       0    (-,-) 
  outdata_reg[7]/Q  -       CK->Q R     DFFHQX1        2  4.7   109   310     310    (-,-) 
  outdata[7]        -       -     R     (port)         -    -     -     0     310    (-,-) 
#------------------------------------------------------------------------------------------

