============================================================
  Generated by:           Genus(TM) Synthesis Solution 23.10-p004_1
  Generated on:           Apr 03 2025  01:34:10 pm
  Module:                 idct
  Operating conditions:   slow (balanced_tree)
  Wireload mode:          enclosed
  Area mode:              timing library
============================================================


Path 1: MET (4 ps) Setup Check with Pin s_reg_25_reg[7]/CK->D
          Group: C2C
     Startpoint: (R) gs_ctrl_proc_h800b00_reg[2]/CK
          Clock: (R) clock
       Endpoint: (R) s_reg_25_reg[7]/D
          Clock: (R) clock

                     Capture       Launch     
        Clock Edge:+   20000            0     
       Src Latency:+       0            0     
       Net Latency:+       0 (I)        0 (I) 
           Arrival:=   20000            0     
                                              
             Setup:-     148                  
     Required Time:=   19852                  
      Launch Clock:-       0                  
         Data Path:-   19848                  
             Slack:=       4                  

#----------------------------------------------------------------------------------------------------------------------
#                Timing Point                 Flags    Arc   Edge   Cell     Fanout  Load Trans Delay Arrival Instance 
#                                                                                    (fF)  (ps)  (ps)   (ps)  Location 
#----------------------------------------------------------------------------------------------------------------------
  gs_ctrl_proc_h800b00_reg[2]/CK              -       -      R     (arrival)   1642     -     0     0       0    (-,-) 
  gs_ctrl_proc_h800b00_reg[2]/Q               -       CK->Q  R     DFFTRX1        6  28.5   395   530     530    (-,-) 
  g256456__6783/Y                             -       B->Y   R     AND2X4        59 270.4   814   600    1130    (-,-) 
  g256455/Y                                   -       A->Y   F     INVX8         25 103.9   207   151    1281    (-,-) 
  g256442__2883/Y                             -       B->Y   F     AND2X2        25 115.5   393   434    1715    (-,-) 
  g256372__5526/Y                             -       A1->Y  R     AOI22X1        1   4.0   259   241    1956    (-,-) 
  g256338__5477/Y                             -       A->Y   F     NAND2X1        2   7.4   123    98    2054    (-,-) 
  add_12849_127_g1208/Y                       -       A->Y   R     NAND2X1        4  12.5   219   150    2204    (-,-) 
  add_12849_127_g1158/Y                       -       A1->Y  F     OAI21XL        3   8.3   179   161    2366    (-,-) 
  add_12849_127_g1156/Y                       -       A1N->Y F     OAI2BB1X1      3  10.8   147   261    2627    (-,-) 
  add_12849_127_g1155/Y                       -       A->Y   R     NAND2X1        1   4.0   117    98    2725    (-,-) 
  add_12849_127_g1153/Y                       -       A->Y   F     NAND2X1        3  10.8   132   101    2827    (-,-) 
  add_12849_127_g1152/Y                       -       A->Y   R     NAND2X1        1   4.0   117    94    2921    (-,-) 
  add_12849_127_g1150/Y                       -       A->Y   F     NAND2X1        3   8.3   113    89    3010    (-,-) 
  add_12849_127_g1148/Y                       -       A1N->Y F     OAI2BB1X1      3   8.3   128   230    3239    (-,-) 
  add_12849_127_g1146/Y                       -       A1N->Y F     OAI2BB1X1      3   9.4   137   240    3479    (-,-) 
  add_12849_127_g1144/Y                       -       A1N->Y F     OAI2BB1X2      4  15.4   111   210    3690    (-,-) 
  add_12849_127_g1143/Y                       -       A->Y   R     NAND2X1        2   8.3   169   119    3808    (-,-) 
  add_12849_127_g1140/Y                       -       A->Y   F     NOR2X1         1   3.4    96    65    3873    (-,-) 
  add_12849_127_g1135/Y                       -       A0->Y  R     OAI21XL        1   4.0   255   184    4057    (-,-) 
  add_12849_127_g1134/Y                       -       A->Y   F     NAND2X1        1   1.5    78    62    4119    (-,-) 
  add_12849_127_g1132/Y                       -       A1N->Y F     OAI2BB1X1      2   8.2   128   220    4338    (-,-) 
  add_12849_127_g1130/Y                       -       A1N->Y F     OAI2BB1X2      3   8.3    84   188    4526    (-,-) 
  add_12849_127_g1129/Y                       -       B0->Y  R     OAI2BB2X1      2  10.0   323   217    4744    (-,-) 
  g256605__8428/Y                             -       A->Y   R     MX2X2          5  35.3   279   311    5055    (-,-) 
  WALLACE_CSA_DUMMY_OP_groupi_cdnca_013_0/S   -       D->S   F     CMPR42X1       1   6.8   129   821    5875    (-,-) 
  WALLACE_CSA_DUMMY_OP_groupi_cdnfadd_013_1/S -       B->S   F     ADDFX1         1   3.5   147   549    6424    (-,-) 
  WALLACE_CSA_DUMMY_OP_groupi_g1632/Y         -       A->Y   R     INVX1          2   8.3   150   119    6543    (-,-) 
  WALLACE_CSA_DUMMY_OP_groupi_g1605/Y         -       A->Y   F     NAND2X1        2   8.3   114    94    6637    (-,-) 
  WALLACE_CSA_DUMMY_OP_groupi_g1524/Y         -       A1->Y  R     AOI21X1        3  10.2   300   244    6881    (-,-) 
  WALLACE_CSA_DUMMY_OP_groupi_g1522/Y         -       A0->Y  F     OAI21XL        3  11.4   214   179    7059    (-,-) 
  WALLACE_CSA_DUMMY_OP_groupi_g1521/Y         -       A1N->Y F     OAI2BB2X1      5  17.2   218   311    7370    (-,-) 
  add_12788_77_g1632/Y                        -       A->Y   F     OR2X2          2   7.8    83   239    7610    (-,-) 
  add_12788_77_g1611/Y                        -       A0->Y  R     AOI32X1        1   3.0   262   199    7808    (-,-) 
  add_12788_77_g1609/Y                        -       B0->Y  F     OAI21XL        1   4.4   143   131    7940    (-,-) 
  add_12788_77_g1605/Y                        -       B0->Y  R     AOI21X1        3  10.2   301   213    8153    (-,-) 
  add_12788_77_g1603/Y                        -       A0->Y  F     OAI21XL        3   8.3   177   153    8305    (-,-) 
  add_12788_77_g1601/Y                        -       A1N->Y F     OAI2BB1X1      3   8.3   128   246    8552    (-,-) 
  add_12788_77_g1599/Y                        -       A1N->Y F     OAI2BB1X1      1   6.2   113   222    8774    (-,-) 
  add_12788_77_g1598/CO                       -       CI->CO F     ADDFXL         1   6.2   146   330    9103    (-,-) 
  add_12788_77_g1597/CO                       -       CI->CO F     ADDFX2         1   6.2   145   349    9452    (-,-) 
  add_12788_77_g1596/CO                       -       CI->CO F     ADDFX2         1   6.2   145   348    9800    (-,-) 
  add_12788_77_g1595/CO                       -       CI->CO F     ADDFX2         1   6.2   145   348   10149    (-,-) 
  add_12788_77_g1594/CO                       -       CI->CO F     ADDFX2         2   9.4   155   361   10510    (-,-) 
  add_12788_77_g1593/Y                        -       B->Y   R     NAND2BX1       2   7.6   168   139   10648    (-,-) 
  add_12788_77_g1590/Y                        -       A0->Y  F     OAI221XL       1   6.2   218   177   10825    (-,-) 
  add_12788_77_g1588/CO                       -       CI->CO F     ADDFX2         1   6.2   145   368   11194    (-,-) 
  add_12788_77_g1587/CO                       -       CI->CO F     ADDFX2         1   6.2   145   348   11542    (-,-) 
  add_12788_77_g1586/CO                       -       CI->CO F     ADDFX2         1   6.2   145   348   11891    (-,-) 
  add_12788_77_g1585/CO                       -       CI->CO F     ADDFX2         1   6.2   145   348   12239    (-,-) 
  add_12788_77_g1584/CO                       -       CI->CO F     ADDFX2         1   6.6   146   350   12589    (-,-) 
  g561370/Y                                   -       A->Y   R     XNOR3X2       15  69.9   454   706   13295    (-,-) 
  g554073/Y                                   -       B0->Y  F     AOI22X1       10  51.8   551   420   13715    (-,-) 
  g553686/Y                                   -       A->Y   R     INVX4         17  66.1   270   265   13980    (-,-) 
  g553359/Y                                   -       A->Y   R     AND2X2         8  32.0   243   274   14254    (-,-) 
  g552510/Y                                   -       A0->Y  F     OAI21X1       16  75.5   666   442   14696    (-,-) 
  g552068/Y                                   -       A->Y   R     INVX2          9  31.2   279   284   14980    (-,-) 
  g551117/Y                                   -       A0->Y  F     OAI21XL        2   9.0   213   156   15137    (-,-) 
  g550177/Y                                   -       B0->Y  R     AOI22X1        1   3.5   346   218   15355    (-,-) 
  g550151/Y                                   -       A->Y   F     INVX1          1   4.0    89    67   15422    (-,-) 
  g548974/Y                                   -       C->Y   F     OR4X2          2   9.1   118   416   15838    (-,-) 
  g548597/Y                                   -       C->Y   F     OR4X2          1   4.2    98   403   16241    (-,-) 
  g547752/Y                                   -       C->Y   R     NOR3X1         7  36.4   976   638   16879    (-,-) 
  g547745/Y                                   -       A->Y   F     NAND3X4       48 188.0   736   552   17431    (-,-) 
  g547736/Y                                   -       A->Y   R     INVX8         23 105.4   250   254   17685    (-,-) 
  hi_fo_buf561133/Y                           -       A->Y   F     INVX8         57 222.7   209   175   17860    (-,-) 
  hi_fo_buf561115/Y                           -       A->Y   R     INVX2         92 337.0  2065  1197   19058    (-,-) 
  g547563/Y                                   -       A->Y   F     NAND2X1        6  19.9   497   322   19379    (-,-) 
  g547341/Y                                   -       A->Y   R     NOR2XL         2   5.8   282   248   19627    (-,-) 
  g547157/Y                                   -       B0->Y  F     AOI21XL        1   4.2   197    87   19714    (-,-) 
  g543173/Y                                   -       C0->Y  R     OAI211X1       1   1.9   401   134   19848    (-,-) 
  s_reg_25_reg[7]/D                           -       -      R     DFFX1          1     -     -     0   19848    (-,-) 
#----------------------------------------------------------------------------------------------------------------------

