============================================================
  Generated by:           Genus(TM) Synthesis Solution 23.10-p004_1
  Generated on:           May 25 2025  08:12:52 pm
  Module:                 qcnn
  Operating conditions:   slow (balanced_tree)
  Wireload mode:          enclosed
  Area mode:              timing library
============================================================

                                  Leakage  
   Gate    Instances    Area    Power (nW)  Library  
-----------------------------------------------------
ADDFX1            45   3143.448    163.456    tsmc18 
ADDFX2            75   5239.080    293.804    tsmc18 
ADDHXL             5    182.952      7.118    tsmc18 
AND2X1            32    425.779     17.257    tsmc18 
AND2X2            42    558.835     27.785    tsmc18 
AND3X2             5     83.160      4.271    tsmc18 
AND4X2             1     19.958      0.982    tsmc18 
AOI211X1          20    332.640      7.626    tsmc18 
AOI211XL           8    133.056      2.203    tsmc18 
AOI21X1           72    958.003     21.383    tsmc18 
AOI21XL           41    545.530     10.123    tsmc18 
AOI221X1          14    325.987      5.543    tsmc18 
AOI221XL           2     46.570      0.628    tsmc18 
AOI222X1          17    452.390      7.127    tsmc18 
AOI222XL           4    106.445      1.333    tsmc18 
AOI22X1          174   2893.968     55.748    tsmc18 
AOI22XL           59    981.288     16.115    tsmc18 
AOI2BB1X1         16    266.112     12.190    tsmc18 
AOI2BB1XL         12    199.584      8.778    tsmc18 
AOI2BB2X1         17    395.842     12.596    tsmc18 
AOI2BB2XL         17    395.842     12.055    tsmc18 
AOI31X1           18    299.376      7.550    tsmc18 
AOI31XL            1     16.632      0.337    tsmc18 
AOI32X1           12    279.418      5.344    tsmc18 
AOI32XL            4     93.139      1.430    tsmc18 
BUFX1              1     13.306      0.458    tsmc18 
BUFX20            13    691.891     66.463    tsmc18 
BUFX3              4     53.222      3.051    tsmc18 
BUFXL              5     66.528      2.184    tsmc18 
CMPR32X1           1     69.854      3.632    tsmc18 
DFFHQX1           44   2341.786     82.571    tsmc18 
DFFHQX2           26   1729.728     64.824    tsmc18 
DFFHQX4            1     73.181      3.632    tsmc18 
DFFHQXL            6    319.334     10.646    tsmc18 
DFFRHQX1          21   1466.942     46.635    tsmc18 
DFFRHQXL          15   1047.816     28.245    tsmc18 
DFFRX1             1     76.507      1.820    tsmc18 
DFFRXL             2    153.014      3.701    tsmc18 
DFFSXL             1     63.202      1.850    tsmc18 
DFFTRXL            3    169.646      4.399    tsmc18 
DFFX1             55   3110.184     82.769    tsmc18 
INVX1            247   1643.242     33.458    tsmc18 
INVXL            138    918.086     15.714    tsmc18 
MX2X1              4    106.445      5.226    tsmc18 
MXI2X1            35    814.968     44.692    tsmc18 
MXI2XL            27    628.690     31.027    tsmc18 
NAND2BX1          98   1303.949     56.970    tsmc18 
NAND2BXL          10    133.056      5.405    tsmc18 
NAND2X1          192   1916.006     49.584    tsmc18 
NAND2XL           45    449.064      9.783    tsmc18 
NAND3BX1          13    216.216      9.741    tsmc18 
NAND3BXL           2     33.264      1.323    tsmc18 
NAND3X1           16    212.890      6.726    tsmc18 
NAND3XL            4     53.222      1.349    tsmc18 
NAND4BXL           7    139.709      5.305    tsmc18 
NAND4X1           12    199.584      6.423    tsmc18 
NOR2BX1           43    572.141     20.865    tsmc18 
NOR2BXL           51    678.586     23.101    tsmc18 
NOR2X1           166   1656.547     26.909    tsmc18 
NOR2XL            46    459.043      5.972    tsmc18 
NOR3X1            20    266.112      4.189    tsmc18 
NOR3XL             5     66.528      0.777    tsmc18 
NOR4BX1            9    179.626      4.781    tsmc18 
NOR4BXL            2     39.917      0.963    tsmc18 
NOR4X1             1     19.958      0.281    tsmc18 
NOR4XL             1     19.958      0.190    tsmc18 
OAI211X1          11    219.542      4.635    tsmc18 
OAI211XL           4     79.834      1.389    tsmc18 
OAI21XL          220   2927.232     51.426    tsmc18 
OAI221XL          28    651.974     10.073    tsmc18 
OAI222XL          21    558.835      7.856    tsmc18 
OAI22X1           32    638.669      9.820    tsmc18 
OAI22XL            7    139.709      1.724    tsmc18 
OAI2BB1X1         34    565.488     20.472    tsmc18 
OAI2BB1XL         28    465.696     15.716    tsmc18 
OAI2BB2X1         80   1862.784     50.333    tsmc18 
OAI2BB2XL         47   1094.386     27.150    tsmc18 
OAI31X1            5     99.792      1.661    tsmc18 
OAI31XL            3     59.875      0.776    tsmc18 
OAI32X1            1     23.285      0.356    tsmc18 
OAI32XL            5    116.424      1.366    tsmc18 
OAI33X1            1     26.611      0.404    tsmc18 
OR2X1              4     53.222      2.968    tsmc18 
OR2X2             55    731.808     43.479    tsmc18 
OR3XL              7    116.424      7.477    tsmc18 
OR4X1              1     19.958      1.330    tsmc18 
OR4X2              7    139.709      9.309    tsmc18 
SDFFHQX1           2    133.056      4.313    tsmc18 
SDFFTRX1           5    365.904      9.725    tsmc18 
SDFFXL             6    399.168     11.045    tsmc18 
XNOR2X1            2     53.222      2.994    tsmc18 
XNOR2XL            2     53.222      2.636    tsmc18 
XOR2X1             9    239.501     15.337    tsmc18 
XOR2XL             3     79.834      4.031    tsmc18 
-----------------------------------------------------
total           2736  54463.148   1800.216           


                                            Leakage  Leakage 
     Type      Instances    Area   Area % Power (nW) Power % 
-------------------------------------------------------------
sequential           188 11449.469   21.0    356.175    19.8 
inverter             385  2561.328    4.7     49.172     2.7 
buffer                23   824.947    1.5     72.157     4.0 
unresolved             7     0.000    0.0      0.000     0.0 
logic               2140 39627.403   72.8   1322.712    73.5 
physical_cells         0     0.000    0.0      0.000     0.0 
-------------------------------------------------------------
total               2743 54463.148  100.0   1800.216   100.0 

