============================================================
  Generated by:           Genus(TM) Synthesis Solution 23.10-p004_1
  Generated on:           May 25 2025  08:12:52 pm
  Module:                 qcnn
  Operating conditions:   slow (balanced_tree)
  Wireload mode:          enclosed
  Area mode:              timing library
============================================================

Timing
--------

Clock  Period 
--------------
clock 11000.0 


  Cost    Critical         Violating 
 Group   Path Slack  TNS     Paths   
-------------------------------------
C2C          1418.7   0.0          0 
C2O          7398.4   0.0          0 
clock      No paths   0.0            
default    No paths   0.0            
I2C          6320.6   0.0          0 
I2O        No paths   0.0            
-------------------------------------
Total                 0.0          0 

Instance Count
--------------
Leaf Instance Count             2736 
Physical Instance count            0 
Sequential Instance Count        188 
Combinational Instance Count    2548 
Hierarchical Instance Count        7 

Area
----
Cell Area                          54463.148
Physical Cell Area                 0.000
Total Cell Area (Cell+Physical)    54463.148
Net Area                           0.000
Total Area (Cell+Physical+Net)     54463.148

Runtime                            0.0 seconds
Elapsed Runtime                    154 seconds
Genus peak memory usage            1668.93 
Innovus peak memory usage          no_value 
Hostname                           cadsv211.u-aizu.ac.jp
