============================================================
  Generated by:           Genus(TM) Synthesis Solution 23.10-p004_1
  Generated on:           May 25 2025  08:13:03 pm
  Module:                 qcnn
  Operating conditions:   slow (balanced_tree)
  Wireload mode:          enclosed
  Area mode:              timing library
============================================================


Path 1: MET (6320 ps) Setup Check with Pin gs_ctrl_proc_h10_reg/CK->D
          Group: I2C
     Startpoint: (F) start
          Clock: (R) clock
       Endpoint: (F) gs_ctrl_proc_h10_reg/D
          Clock: (R) clock

                     Capture       Launch     
        Clock Edge:+   11000            0     
        Drv Adjust:+       0            0     
       Src Latency:+       0            0     
       Net Latency:+       0 (I)        0 (I) 
           Arrival:=   11000            0     
                                              
             Setup:-     359                  
     Required Time:=   10641                  
      Launch Clock:-       0                  
       Input Delay:-    3300                  
         Data Path:-    1021                  
             Slack:=    6320                  

Exceptions/Constraints:
  input_delay             3300            qcnn.sdc_line_5 

#-----------------------------------------------------------------------------------------------
#     Timing Point       Flags   Arc   Edge   Cell     Fanout Load Trans Delay Arrival Instance 
#                                                             (fF)  (ps)  (ps)   (ps)  Location 
#-----------------------------------------------------------------------------------------------
  start                  -       -     F     (arrival)      3 10.4     0     0    3300    (-,-) 
  g35456__6417/Y         -       B->Y  R     NOR2BX1        3 11.6   293   194    3494    (-,-) 
  g35225__5477/Y         -       AN->Y R     NAND4BXL       4 12.3   370   286    3781    (-,-) 
  g35210__7098/Y         -       A->Y  F     NOR2X1         2  8.2   123   105    3886    (-,-) 
  g35205/Y               -       A->Y  R     INVX1          4 12.3   193   140    4026    (-,-) 
  g35197__5526/Y         -       A->Y  F     NOR2XL         2  7.2   124   100    4126    (-,-) 
  g35190__6417/Y         -       A->Y  R     NAND2X1        4 11.2   219   142    4268    (-,-) 
  g40988/Y               -       A->Y  F     INVXL          1  1.8    65    53    4321    (-,-) 
  gs_ctrl_proc_h10_reg/D -       -     F     DFFRHQX1       1    -     -     0    4321    (-,-) 
#-----------------------------------------------------------------------------------------------

