============================================================
  Generated by:           Genus(TM) Synthesis Solution 23.10-p004_1
  Generated on:           May 25 2025  04:06:35 pm
  Module:                 qcnn
  Operating conditions:   slow (balanced_tree)
  Wireload mode:          enclosed
  Area mode:              timing library
============================================================

Some unconstrained paths have not been displayed.
Use -unconstrained or set the root attribute 'timing_report_unconstrained' to 'true' to see only these unconstrained paths.

============================================================
  Generated by:           Genus(TM) Synthesis Solution 23.10-p004_1
  Generated on:           May 25 2025  04:06:35 pm
  Module:                 qcnn
  Operating conditions:   slow (balanced_tree)
  Wireload mode:          enclosed
  Area mode:              timing library
============================================================

No paths found

============================================================
  Generated by:           Genus(TM) Synthesis Solution 23.10-p004_1
  Generated on:           May 25 2025  04:06:35 pm
  Module:                 qcnn
  Operating conditions:   slow (balanced_tree)
  Wireload mode:          enclosed
  Area mode:              timing library
============================================================


Path 1: MET (5859 ps) Setup Check with Pin gs_ctrl_proc_h10000000000801d_reg[1]/clk->d
          Group: I2C
     Startpoint: (R) start
          Clock: (R) clock
       Endpoint: (R) gs_ctrl_proc_h10000000000801d_reg[1]/d
          Clock: (R) clock

                     Capture       Launch     
        Clock Edge:+   11000            0     
        Drv Adjust:+       0            0     
       Src Latency:+       0            0     
       Net Latency:+       0 (I)        0 (I) 
           Arrival:=   11000            0     
                                              
             Setup:-     241                  
     Required Time:=   10759                  
      Launch Clock:-       0                  
       Input Delay:-    3300                  
         Data Path:-    1600                  
             Slack:=    5859                  

Exceptions/Constraints:
  input_delay             3300            qcnn.sdc_line_5 

#--------------------------------------------------------------------------------------------------------------------------------
#                 Timing Point                   Flags     Arc    Edge      Cell        Fanout Load Trans Delay Arrival Instance 
#                                                                                              (fF)  (ps)  (ps)   (ps)  Location 
#--------------------------------------------------------------------------------------------------------------------------------
  start                                          (u)     -        R     (arrival)            4 34.0     0     0    3300    (-,-) 
  mux_global_state_next_5389_19/g1/z             (u)     sel0->z  F     unmapped_bmux2       1  8.5     0   180    3480    (-,-) 
  mux_global_state_next_5386_15/g4/z             (u)     data0->z F     unmapped_mux19      55 34.0     0   560    4041    (-,-) 
  ctl_global_state_next_4520_19/g25/z            (u)     in_0->z  R     unmapped_not         2 17.0     0    69    4109    (-,-) 
  ctl_global_state_next_4520_19/g1/z             (u)     in_3->z  F     unmapped_nand4       3 25.5     0   191    4300    (-,-) 
  ctl_global_state_next_4520_19/g9/z             (u)     in_1->z  R     unmapped_nor2        1  8.5     0    87    4387    (-,-) 
  ctl_global_state_next_4520_19/g19/z            (u)     in_1->z  F     unmapped_nor3        1  8.5     0   123    4510    (-,-) 
  ctl_global_state_next_4520_19/g20/z            (u)     in_0->z  R     unmapped_not         4 34.0     0   102    4612    (-,-) 
  mux_gs_ctrl_proc_h10000000000801d_4520_19/g2/z (u)     sel1->z  R     unmapped_mux5        1  8.5     0   288    4900    (-,-) 
  gs_ctrl_proc_h10000000000801d_reg[1]/d         -       -        R     unmapped_d_flop      1    -     -     0    4900    (-,-) 
#--------------------------------------------------------------------------------------------------------------------------------

(u) : Net has unmapped pin(s).

============================================================
  Generated by:           Genus(TM) Synthesis Solution 23.10-p004_1
  Generated on:           May 25 2025  04:06:35 pm
  Module:                 qcnn
  Operating conditions:   slow (balanced_tree)
  Wireload mode:          enclosed
  Area mode:              timing library
============================================================


Path 1: MET (7302 ps) Late External Delay Assertion at pin outdata[0]
          Group: C2O
     Startpoint: (R) outdata_slice_reg[0]/clk
          Clock: (R) clock
       Endpoint: (R) outdata[0]
          Clock: (R) clock

                     Capture       Launch     
        Clock Edge:+   11000            0     
       Src Latency:+       0            0     
       Net Latency:+       0 (I)        0 (I) 
           Arrival:=   11000            0     
                                              
      Output Delay:-    3300                  
     Required Time:=    7700                  
      Launch Clock:-       0                  
         Data Path:-     398                  
             Slack:=    7302                  

Exceptions/Constraints:
  output_delay             3300            qcnn.sdc_line_15 

#--------------------------------------------------------------------------------------------------------
#      Timing Point        Flags    Arc   Edge      Cell        Fanout Load Trans Delay Arrival Instance 
#                                                                      (fF)  (ps)  (ps)   (ps)  Location 
#--------------------------------------------------------------------------------------------------------
  outdata_slice_reg[0]/clk -       -      R     (arrival)          213    -     0     0       0    (-,-) 
  outdata_slice_reg[0]/q   (u)     clk->q R     unmapped_d_flop      1  0.0     0   398     398    (-,-) 
  outdata[0]               -       -      R     (port)               -    -     -     0     398    (-,-) 
#--------------------------------------------------------------------------------------------------------

(u) : Net has unmapped pin(s).

============================================================
  Generated by:           Genus(TM) Synthesis Solution 23.10-p004_1
  Generated on:           May 25 2025  04:06:35 pm
  Module:                 qcnn
  Operating conditions:   slow (balanced_tree)
  Wireload mode:          enclosed
  Area mode:              timing library
============================================================


Path 1: MET (3892 ps) Setup Check with Pin s_reg_13_reg[7]/clk->d
          Group: C2C
     Startpoint: (R) s_reg_18_reg[5]/clk
          Clock: (R) clock
       Endpoint: (R) s_reg_13_reg[7]/d
          Clock: (R) clock

                     Capture       Launch     
        Clock Edge:+   11000            0     
       Src Latency:+       0            0     
       Net Latency:+       0 (I)        0 (I) 
           Arrival:=   11000            0     
                                              
             Setup:-     404                  
     Required Time:=   10596                  
      Launch Clock:-       0                  
         Data Path:-    6703                  
             Slack:=    3892                  

#--------------------------------------------------------------------------------------------------------------------------------
#                 Timing Point                  Flags     Arc    Edge      Cell        Fanout  Load Trans Delay Arrival Instance 
#                                                                                              (fF)  (ps)  (ps)   (ps)  Location 
#--------------------------------------------------------------------------------------------------------------------------------
  s_reg_18_reg[5]/clk                           -       -        R     (arrival)          213     -     0     0       0    (-,-) 
  s_reg_18_reg[5]/q                             (u)     clk->q   F     unmapped_d_flop     12 102.0     0   550     550    (-,-) 
  mul_4234_72/g319/z                            (u)     in_1->z  R     unmapped_xor2        2  17.0     0   198     748    (-,-) 
  mul_4234_72/g320/z                            (u)     in_0->z  F     unmapped_nand2       1   8.5     0    87     836    (-,-) 
  mul_4234_72/g322/z                            (u)     in_0->z  R     unmapped_nand2       3  25.5     0   121     957    (-,-) 
  mul_4234_72/g727/z                            (u)     in_1->z  R     unmapped_xor2        1   8.5     0   180    1137    (-,-) 
  mul_4234_72/g728/z                            (u)     in_0->z  R     unmapped_xor2        3  25.5     0   215    1352    (-,-) 
  mul_4234_72/g733/z                            (u)     in_1->z  R     unmapped_xor2        1   8.5     0   180    1532    (-,-) 
  mul_4234_72/g734/z                            (u)     in_0->z  R     unmapped_xor2        2  17.0     0   198    1731    (-,-) 
  mul_4234_72/g1155/z                           (u)     in_1->z  F     unmapped_nor2        3  25.5     0   121    1852    (-,-) 
  mul_4234_72/g1226/z                           (u)     in_1->z  R     unmapped_nor2        1   8.5     0    87    1939    (-,-) 
  mul_4234_72/g1228/z                           (u)     in_0->z  F     unmapped_nor2        3  25.5     0   121    2060    (-,-) 
  mul_4234_72/g1300/z                           (u)     in_0->z  R     unmapped_nor2        1   8.5     0    87    2147    (-,-) 
  mul_4234_72/g1302/z                           (u)     in_0->z  F     unmapped_nor2        5  42.5     0   152    2299    (-,-) 
  mul_4234_72/g1388/z                           (u)     in_1->z  R     unmapped_nor2        1   8.5     0    87    2386    (-,-) 
  mul_4234_72/g1390/z                           (u)     in_0->z  F     unmapped_nor2        1   8.5     0    87    2473    (-,-) 
  mul_4234_72/g1442/z                           (u)     in_0->z  R     unmapped_nand2      17 144.5     0   257    2730    (-,-) 
  mul_4234_72/g1524/z                           (u)     in_0->z  F     unmapped_nand2       1   8.5     0    87    2818    (-,-) 
  mul_4234_72/g1525/z                           (u)     in_1->z  R     unmapped_nand2       6  51.0     0   166    2984    (-,-) 
  mul_4234_72/g427/z                            (u)     in_1->z  F     unmapped_nand2       1   8.5     0    87    3071    (-,-) 
  mul_4234_72/g428/z                            (u)     in_1->z  R     unmapped_nand2       1   8.5     0    87    3158    (-,-) 
  mul_4234_72/g526/z                            (u)     in_0->z  R     unmapped_xnor2      26  25.5     0   300    3458    (-,-) 
  mux_qcnn_N_Mux_25_2_6_4_35_out1_4338_13/g21/z (u)     sel0->z  R     unmapped_bmux2       2  17.0     0   198    3656    (-,-) 
  gt_3967_110/g22/z                             (u)     in_0->z  F     unmapped_not         2  17.0     0    69    3725    (-,-) 
  gt_3967_110/g39/z                             (u)     in_1->z  R     unmapped_nand2       1   8.5     0    87    3812    (-,-) 
  gt_3967_110/g87/z                             (u)     in_0->z  F     unmapped_nor2        1   8.5     0    87    3899    (-,-) 
  gt_3967_110/g89/z                             (u)     in_0->z  R     unmapped_nor2        1   8.5     0    87    3986    (-,-) 
  gt_3967_110/g138/z                            (u)     in_0->z  F     unmapped_nor2        1   8.5     0    87    4073    (-,-) 
  gt_3967_110/g140/z                            (u)     in_0->z  R     unmapped_nor2        1   8.5     0    87    4160    (-,-) 
  gt_3967_110/g192/z                            (u)     in_0->z  F     unmapped_nand2       1   8.5     0    87    4247    (-,-) 
  gt_3967_110/g244/z                            (u)     in_1->z  R     unmapped_nand2       1   8.5     0    87    4334    (-,-) 
  gt_3967_110/g338/z                            (u)     in_0->z  F     unmapped_not         1   8.5     0    51    4385    (-,-) 
  gt_3967_110/g271/z                            (u)     in_0->z  R     unmapped_nand2       1   8.5     0    87    4472    (-,-) 
  g49/z                                         (u)     in_1->z  R     unmapped_xor2        1   8.5     0   180    4653    (-,-) 
  mux_qcnn_N_Mux_8_2_63_4_37_ctrl1_3183_13/g1/z (u)     data0->z R     unmapped_bmux2       8  68.0     0   285    4938    (-,-) 
  mux_qcnn_N_Mux_8_2_63_4_37_out1_4420_13/g7/z  (u)     sel0->z  R     unmapped_bmux2       3  25.5     0   215    5152    (-,-) 
  gt_3987_79/g8/z                               (u)     in_0->z  F     unmapped_not         2  17.0     0    69    5221    (-,-) 
  gt_3987_79/g15/z                              (u)     in_1->z  R     unmapped_nor2        1   8.5     0    87    5308    (-,-) 
  gt_3987_79/g29/z                              (u)     in_0->z  F     unmapped_not         1   8.5     0    51    5359    (-,-) 
  gt_3987_79/g30/z                              (u)     in_1->z  R     unmapped_nand2       1   8.5     0    87    5446    (-,-) 
  gt_3987_79/g31/z                              (u)     in_1->z  F     unmapped_nand2       1   8.5     0    87    5533    (-,-) 
  gt_3987_79/g47/z                              (u)     in_1->z  R     unmapped_nand2       1   8.5     0    87    5620    (-,-) 
  gt_3987_79/g48/z                              (u)     in_1->z  F     unmapped_nand2       1   8.5     0    87    5707    (-,-) 
  gt_3987_79/g68/z                              (u)     in_0->z  R     unmapped_nand2       1   8.5     0    87    5794    (-,-) 
  gt_3987_79/g69/z                              (u)     in_1->z  F     unmapped_nand2       1   8.5     0    87    5882    (-,-) 
  gt_3987_79/g10/z                              (u)     in_0->z  R     unmapped_not         1   8.5     0    51    5933    (-,-) 
  g54/z                                         (u)     in_0->z  R     unmapped_xor2        8  68.0     0   285    6217    (-,-) 
  mux_qcnn_N_Mux_8_2_4_4_39_out1_4386_13/g1/z   (u)     sel0->z  R     unmapped_bmux2       2  17.0     0   198    6416    (-,-) 
  mux_s_reg_13_686_15/g1/z                      (u)     data2->z R     unmapped_mux5        1   8.5     0   288    6703    (-,-) 
  s_reg_13_reg[7]/d                             -       -        R     unmapped_d_flop      1     -     -     0    6703    (-,-) 
#--------------------------------------------------------------------------------------------------------------------------------

(u) : Net has unmapped pin(s).

============================================================
  Generated by:           Genus(TM) Synthesis Solution 23.10-p004_1
  Generated on:           May 25 2025  04:06:35 pm
  Module:                 qcnn
  Operating conditions:   slow (balanced_tree)
  Wireload mode:          enclosed
  Area mode:              timing library
============================================================

No paths found

============================================================
  Generated by:           Genus(TM) Synthesis Solution 23.10-p004_1
  Generated on:           May 25 2025  06:01:59 pm
  Module:                 qcnn
  Operating conditions:   slow (balanced_tree)
  Wireload mode:          enclosed
  Area mode:              timing library
============================================================

Some unconstrained paths have not been displayed.
Use -unconstrained or set the root attribute 'timing_report_unconstrained' to 'true' to see only these unconstrained paths.

============================================================
  Generated by:           Genus(TM) Synthesis Solution 23.10-p004_1
  Generated on:           May 25 2025  06:01:59 pm
  Module:                 qcnn
  Operating conditions:   slow (balanced_tree)
  Wireload mode:          enclosed
  Area mode:              timing library
============================================================

No paths found

============================================================
  Generated by:           Genus(TM) Synthesis Solution 23.10-p004_1
  Generated on:           May 25 2025  06:01:59 pm
  Module:                 qcnn
  Operating conditions:   slow (balanced_tree)
  Wireload mode:          enclosed
  Area mode:              timing library
============================================================


Path 1: MET (5859 ps) Setup Check with Pin gs_ctrl_proc_h10000000000801d_reg[1]/clk->d
          Group: I2C
     Startpoint: (R) start
          Clock: (R) clock
       Endpoint: (R) gs_ctrl_proc_h10000000000801d_reg[1]/d
          Clock: (R) clock

                     Capture       Launch     
        Clock Edge:+   11000            0     
        Drv Adjust:+       0            0     
       Src Latency:+       0            0     
       Net Latency:+       0 (I)        0 (I) 
           Arrival:=   11000            0     
                                              
             Setup:-     241                  
     Required Time:=   10759                  
      Launch Clock:-       0                  
       Input Delay:-    3300                  
         Data Path:-    1600                  
             Slack:=    5859                  

Exceptions/Constraints:
  input_delay             3300            qcnn.sdc_line_5 

#--------------------------------------------------------------------------------------------------------------------------------
#                 Timing Point                   Flags     Arc    Edge      Cell        Fanout Load Trans Delay Arrival Instance 
#                                                                                              (fF)  (ps)  (ps)   (ps)  Location 
#--------------------------------------------------------------------------------------------------------------------------------
  start                                          (u)     -        R     (arrival)            4 34.0     0     0    3300    (-,-) 
  mux_global_state_next_5447_19/g1/z             (u)     sel0->z  F     unmapped_bmux2       1  8.5     0   180    3480    (-,-) 
  mux_global_state_next_5444_15/g4/z             (u)     data0->z F     unmapped_mux19      54 34.0     0   560    4041    (-,-) 
  ctl_global_state_next_4578_19/g25/z            (u)     in_0->z  R     unmapped_not         2 17.0     0    69    4109    (-,-) 
  ctl_global_state_next_4578_19/g1/z             (u)     in_3->z  F     unmapped_nand4       3 25.5     0   191    4300    (-,-) 
  ctl_global_state_next_4578_19/g9/z             (u)     in_1->z  R     unmapped_nor2        1  8.5     0    87    4387    (-,-) 
  ctl_global_state_next_4578_19/g19/z            (u)     in_1->z  F     unmapped_nor3        1  8.5     0   123    4510    (-,-) 
  ctl_global_state_next_4578_19/g20/z            (u)     in_0->z  R     unmapped_not         4 34.0     0   102    4612    (-,-) 
  mux_gs_ctrl_proc_h10000000000801d_4578_19/g2/z (u)     sel1->z  R     unmapped_mux5        1  8.5     0   288    4900    (-,-) 
  gs_ctrl_proc_h10000000000801d_reg[1]/d         -       -        R     unmapped_d_flop      1    -     -     0    4900    (-,-) 
#--------------------------------------------------------------------------------------------------------------------------------

(u) : Net has unmapped pin(s).

============================================================
  Generated by:           Genus(TM) Synthesis Solution 23.10-p004_1
  Generated on:           May 25 2025  06:01:59 pm
  Module:                 qcnn
  Operating conditions:   slow (balanced_tree)
  Wireload mode:          enclosed
  Area mode:              timing library
============================================================


Path 1: MET (7302 ps) Late External Delay Assertion at pin outdata[0]
          Group: C2O
     Startpoint: (R) outdata_slice_reg[0]/clk
          Clock: (R) clock
       Endpoint: (R) outdata[0]
          Clock: (R) clock

                     Capture       Launch     
        Clock Edge:+   11000            0     
       Src Latency:+       0            0     
       Net Latency:+       0 (I)        0 (I) 
           Arrival:=   11000            0     
                                              
      Output Delay:-    3300                  
     Required Time:=    7700                  
      Launch Clock:-       0                  
         Data Path:-     398                  
             Slack:=    7302                  

Exceptions/Constraints:
  output_delay             3300            qcnn.sdc_line_15 

#--------------------------------------------------------------------------------------------------------
#      Timing Point        Flags    Arc   Edge      Cell        Fanout Load Trans Delay Arrival Instance 
#                                                                      (fF)  (ps)  (ps)   (ps)  Location 
#--------------------------------------------------------------------------------------------------------
  outdata_slice_reg[0]/clk -       -      R     (arrival)          213    -     0     0       0    (-,-) 
  outdata_slice_reg[0]/q   (u)     clk->q R     unmapped_d_flop      1  0.0     0   398     398    (-,-) 
  outdata[0]               -       -      R     (port)               -    -     -     0     398    (-,-) 
#--------------------------------------------------------------------------------------------------------

(u) : Net has unmapped pin(s).

============================================================
  Generated by:           Genus(TM) Synthesis Solution 23.10-p004_1
  Generated on:           May 25 2025  06:01:59 pm
  Module:                 qcnn
  Operating conditions:   slow (balanced_tree)
  Wireload mode:          enclosed
  Area mode:              timing library
============================================================


Path 1: MET (3870 ps) Setup Check with Pin s_reg_13_reg[7]/clk->d
          Group: C2C
     Startpoint: (R) s_reg_18_reg[5]/clk
          Clock: (R) clock
       Endpoint: (R) s_reg_13_reg[7]/d
          Clock: (R) clock

                     Capture       Launch     
        Clock Edge:+   11000            0     
       Src Latency:+       0            0     
       Net Latency:+       0 (I)        0 (I) 
           Arrival:=   11000            0     
                                              
             Setup:-     404                  
     Required Time:=   10596                  
      Launch Clock:-       0                  
         Data Path:-    6726                  
             Slack:=    3870                  

#--------------------------------------------------------------------------------------------------------------------------------
#                 Timing Point                  Flags     Arc    Edge      Cell        Fanout  Load Trans Delay Arrival Instance 
#                                                                                              (fF)  (ps)  (ps)   (ps)  Location 
#--------------------------------------------------------------------------------------------------------------------------------
  s_reg_18_reg[5]/clk                           -       -        R     (arrival)          213     -     0     0       0    (-,-) 
  s_reg_18_reg[5]/q                             (u)     clk->q   F     unmapped_d_flop     18 153.0     0   589     589    (-,-) 
  mul_4262_72/g319/z                            (u)     in_1->z  R     unmapped_xor2        2  17.0     0   198     788    (-,-) 
  mul_4262_72/g320/z                            (u)     in_0->z  F     unmapped_nand2       1   8.5     0    87     875    (-,-) 
  mul_4262_72/g322/z                            (u)     in_0->z  R     unmapped_nand2       3  25.5     0   121     996    (-,-) 
  mul_4262_72/g727/z                            (u)     in_1->z  R     unmapped_xor2        1   8.5     0   180    1176    (-,-) 
  mul_4262_72/g728/z                            (u)     in_0->z  R     unmapped_xor2        3  25.5     0   215    1391    (-,-) 
  mul_4262_72/g733/z                            (u)     in_1->z  R     unmapped_xor2        1   8.5     0   180    1572    (-,-) 
  mul_4262_72/g734/z                            (u)     in_0->z  R     unmapped_xor2        2  17.0     0   198    1770    (-,-) 
  mul_4262_72/g1155/z                           (u)     in_1->z  F     unmapped_nor2        3  25.5     0   121    1891    (-,-) 
  mul_4262_72/g1226/z                           (u)     in_1->z  R     unmapped_nor2        1   8.5     0    87    1978    (-,-) 
  mul_4262_72/g1228/z                           (u)     in_0->z  F     unmapped_nor2        3  25.5     0   121    2099    (-,-) 
  mul_4262_72/g1300/z                           (u)     in_0->z  R     unmapped_nor2        1   8.5     0    87    2186    (-,-) 
  mul_4262_72/g1302/z                           (u)     in_0->z  F     unmapped_nor2        5  42.5     0   152    2338    (-,-) 
  mul_4262_72/g1388/z                           (u)     in_1->z  R     unmapped_nor2        1   8.5     0    87    2425    (-,-) 
  mul_4262_72/g1390/z                           (u)     in_0->z  F     unmapped_nor2        1   8.5     0    87    2512    (-,-) 
  mul_4262_72/g1442/z                           (u)     in_0->z  R     unmapped_nand2      17 144.5     0   257    2770    (-,-) 
  mul_4262_72/g1524/z                           (u)     in_0->z  F     unmapped_nand2       1   8.5     0    87    2857    (-,-) 
  mul_4262_72/g1525/z                           (u)     in_1->z  R     unmapped_nand2       6  51.0     0   166    3023    (-,-) 
  mul_4262_72/g427/z                            (u)     in_1->z  F     unmapped_nand2       1   8.5     0    87    3110    (-,-) 
  mul_4262_72/g428/z                            (u)     in_1->z  R     unmapped_nand2       1   8.5     0    87    3197    (-,-) 
  mul_4262_72/g526/z                            (u)     in_0->z  R     unmapped_xnor2      26  25.5     0   300    3497    (-,-) 
  mux_qcnn_N_Mux_25_2_7_4_35_out1_4381_13/g21/z (u)     sel0->z  R     unmapped_bmux2       2  17.0     0   198    3695    (-,-) 
  gt_3991_110/g22/z                             (u)     in_0->z  F     unmapped_not         2  17.0     0    69    3764    (-,-) 
  gt_3991_110/g39/z                             (u)     in_1->z  R     unmapped_nand2       1   8.5     0    87    3851    (-,-) 
  gt_3991_110/g87/z                             (u)     in_0->z  F     unmapped_nor2        1   8.5     0    87    3938    (-,-) 
  gt_3991_110/g89/z                             (u)     in_0->z  R     unmapped_nor2        1   8.5     0    87    4025    (-,-) 
  gt_3991_110/g138/z                            (u)     in_0->z  F     unmapped_nor2        1   8.5     0    87    4112    (-,-) 
  gt_3991_110/g140/z                            (u)     in_0->z  R     unmapped_nor2        1   8.5     0    87    4199    (-,-) 
  gt_3991_110/g192/z                            (u)     in_0->z  F     unmapped_nand2       1   8.5     0    87    4286    (-,-) 
  gt_3991_110/g244/z                            (u)     in_1->z  R     unmapped_nand2       1   8.5     0    87    4373    (-,-) 
  gt_3991_110/g338/z                            (u)     in_0->z  F     unmapped_not         1   8.5     0    51    4424    (-,-) 
  gt_3991_110/g271/z                            (u)     in_0->z  R     unmapped_nand2       1   8.5     0    87    4512    (-,-) 
  g50/z                                         (u)     in_1->z  R     unmapped_xor2        1   8.5     0   180    4692    (-,-) 
  mux_qcnn_N_Mux_8_2_64_4_37_ctrl1_3189_13/g1/z (u)     data0->z R     unmapped_bmux2       8  68.0     0   285    4977    (-,-) 
  mux_qcnn_N_Mux_8_2_64_4_37_out1_4478_13/g7/z  (u)     sel0->z  R     unmapped_bmux2       2  17.0     0   198    5175    (-,-) 
  gt_4010_79/g8/z                               (u)     in_0->z  F     unmapped_not         2  17.0     0    69    5244    (-,-) 
  gt_4010_79/g15/z                              (u)     in_1->z  R     unmapped_nor2        1   8.5     0    87    5331    (-,-) 
  gt_4010_79/g29/z                              (u)     in_0->z  F     unmapped_not         1   8.5     0    51    5382    (-,-) 
  gt_4010_79/g30/z                              (u)     in_1->z  R     unmapped_nand2       1   8.5     0    87    5469    (-,-) 
  gt_4010_79/g31/z                              (u)     in_1->z  F     unmapped_nand2       1   8.5     0    87    5556    (-,-) 
  gt_4010_79/g47/z                              (u)     in_1->z  R     unmapped_nand2       1   8.5     0    87    5643    (-,-) 
  gt_4010_79/g48/z                              (u)     in_1->z  F     unmapped_nand2       1   8.5     0    87    5730    (-,-) 
  gt_4010_79/g68/z                              (u)     in_0->z  R     unmapped_nand2       1   8.5     0    87    5817    (-,-) 
  gt_4010_79/g69/z                              (u)     in_1->z  F     unmapped_nand2       1   8.5     0    87    5904    (-,-) 
  gt_4010_79/g10/z                              (u)     in_0->z  R     unmapped_not         1   8.5     0    51    5955    (-,-) 
  g55/z                                         (u)     in_0->z  R     unmapped_xor2        8  68.0     0   285    6240    (-,-) 
  mux_qcnn_N_Mux_8_2_5_4_39_out1_4429_13/g1/z   (u)     sel0->z  R     unmapped_bmux2       2  17.0     0   198    6438    (-,-) 
  mux_s_reg_13_692_15/g1/z                      (u)     data2->z R     unmapped_mux5        1   8.5     0   288    6726    (-,-) 
  s_reg_13_reg[7]/d                             -       -        R     unmapped_d_flop      1     -     -     0    6726    (-,-) 
#--------------------------------------------------------------------------------------------------------------------------------

(u) : Net has unmapped pin(s).

============================================================
  Generated by:           Genus(TM) Synthesis Solution 23.10-p004_1
  Generated on:           May 25 2025  06:01:59 pm
  Module:                 qcnn
  Operating conditions:   slow (balanced_tree)
  Wireload mode:          enclosed
  Area mode:              timing library
============================================================

No paths found

============================================================
  Generated by:           Genus(TM) Synthesis Solution 23.10-p004_1
  Generated on:           May 25 2025  06:26:30 pm
  Module:                 qcnn
  Operating conditions:   slow (balanced_tree)
  Wireload mode:          enclosed
  Area mode:              timing library
============================================================

Some unconstrained paths have not been displayed.
Use -unconstrained or set the root attribute 'timing_report_unconstrained' to 'true' to see only these unconstrained paths.

============================================================
  Generated by:           Genus(TM) Synthesis Solution 23.10-p004_1
  Generated on:           May 25 2025  06:26:30 pm
  Module:                 qcnn
  Operating conditions:   slow (balanced_tree)
  Wireload mode:          enclosed
  Area mode:              timing library
============================================================

No paths found

============================================================
  Generated by:           Genus(TM) Synthesis Solution 23.10-p004_1
  Generated on:           May 25 2025  06:26:30 pm
  Module:                 qcnn
  Operating conditions:   slow (balanced_tree)
  Wireload mode:          enclosed
  Area mode:              timing library
============================================================


Path 1: MET (5859 ps) Setup Check with Pin gs_ctrl_proc_h10000000000801d_reg[1]/clk->d
          Group: I2C
     Startpoint: (R) start
          Clock: (R) clock
       Endpoint: (R) gs_ctrl_proc_h10000000000801d_reg[1]/d
          Clock: (R) clock

                     Capture       Launch     
        Clock Edge:+   11000            0     
        Drv Adjust:+       0            0     
       Src Latency:+       0            0     
       Net Latency:+       0 (I)        0 (I) 
           Arrival:=   11000            0     
                                              
             Setup:-     241                  
     Required Time:=   10759                  
      Launch Clock:-       0                  
       Input Delay:-    3300                  
         Data Path:-    1600                  
             Slack:=    5859                  

Exceptions/Constraints:
  input_delay             3300            qcnn.sdc_line_5 

#--------------------------------------------------------------------------------------------------------------------------------
#                 Timing Point                   Flags     Arc    Edge      Cell        Fanout Load Trans Delay Arrival Instance 
#                                                                                              (fF)  (ps)  (ps)   (ps)  Location 
#--------------------------------------------------------------------------------------------------------------------------------
  start                                          (u)     -        R     (arrival)            4 34.0     0     0    3300    (-,-) 
  mux_global_state_next_5447_19/g1/z             (u)     sel0->z  F     unmapped_bmux2       1  8.5     0   180    3480    (-,-) 
  mux_global_state_next_5444_15/g4/z             (u)     data0->z F     unmapped_mux19      54 34.0     0   560    4041    (-,-) 
  ctl_global_state_next_4578_19/g25/z            (u)     in_0->z  R     unmapped_not         2 17.0     0    69    4109    (-,-) 
  ctl_global_state_next_4578_19/g1/z             (u)     in_3->z  F     unmapped_nand4       3 25.5     0   191    4300    (-,-) 
  ctl_global_state_next_4578_19/g9/z             (u)     in_1->z  R     unmapped_nor2        1  8.5     0    87    4387    (-,-) 
  ctl_global_state_next_4578_19/g19/z            (u)     in_1->z  F     unmapped_nor3        1  8.5     0   123    4510    (-,-) 
  ctl_global_state_next_4578_19/g20/z            (u)     in_0->z  R     unmapped_not         4 34.0     0   102    4612    (-,-) 
  mux_gs_ctrl_proc_h10000000000801d_4578_19/g2/z (u)     sel1->z  R     unmapped_mux5        1  8.5     0   288    4900    (-,-) 
  gs_ctrl_proc_h10000000000801d_reg[1]/d         -       -        R     unmapped_d_flop      1    -     -     0    4900    (-,-) 
#--------------------------------------------------------------------------------------------------------------------------------

(u) : Net has unmapped pin(s).

============================================================
  Generated by:           Genus(TM) Synthesis Solution 23.10-p004_1
  Generated on:           May 25 2025  06:26:30 pm
  Module:                 qcnn
  Operating conditions:   slow (balanced_tree)
  Wireload mode:          enclosed
  Area mode:              timing library
============================================================


Path 1: MET (7302 ps) Late External Delay Assertion at pin outdata[0]
          Group: C2O
     Startpoint: (R) outdata_slice_reg[0]/clk
          Clock: (R) clock
       Endpoint: (R) outdata[0]
          Clock: (R) clock

                     Capture       Launch     
        Clock Edge:+   11000            0     
       Src Latency:+       0            0     
       Net Latency:+       0 (I)        0 (I) 
           Arrival:=   11000            0     
                                              
      Output Delay:-    3300                  
     Required Time:=    7700                  
      Launch Clock:-       0                  
         Data Path:-     398                  
             Slack:=    7302                  

Exceptions/Constraints:
  output_delay             3300            qcnn.sdc_line_15 

#--------------------------------------------------------------------------------------------------------
#      Timing Point        Flags    Arc   Edge      Cell        Fanout Load Trans Delay Arrival Instance 
#                                                                      (fF)  (ps)  (ps)   (ps)  Location 
#--------------------------------------------------------------------------------------------------------
  outdata_slice_reg[0]/clk -       -      R     (arrival)          213    -     0     0       0    (-,-) 
  outdata_slice_reg[0]/q   (u)     clk->q R     unmapped_d_flop      1  0.0     0   398     398    (-,-) 
  outdata[0]               -       -      R     (port)               -    -     -     0     398    (-,-) 
#--------------------------------------------------------------------------------------------------------

(u) : Net has unmapped pin(s).

============================================================
  Generated by:           Genus(TM) Synthesis Solution 23.10-p004_1
  Generated on:           May 25 2025  06:26:30 pm
  Module:                 qcnn
  Operating conditions:   slow (balanced_tree)
  Wireload mode:          enclosed
  Area mode:              timing library
============================================================


Path 1: MET (3870 ps) Setup Check with Pin s_reg_13_reg[7]/clk->d
          Group: C2C
     Startpoint: (R) s_reg_18_reg[5]/clk
          Clock: (R) clock
       Endpoint: (R) s_reg_13_reg[7]/d
          Clock: (R) clock

                     Capture       Launch     
        Clock Edge:+   11000            0     
       Src Latency:+       0            0     
       Net Latency:+       0 (I)        0 (I) 
           Arrival:=   11000            0     
                                              
             Setup:-     404                  
     Required Time:=   10596                  
      Launch Clock:-       0                  
         Data Path:-    6726                  
             Slack:=    3870                  

#--------------------------------------------------------------------------------------------------------------------------------
#                 Timing Point                  Flags     Arc    Edge      Cell        Fanout  Load Trans Delay Arrival Instance 
#                                                                                              (fF)  (ps)  (ps)   (ps)  Location 
#--------------------------------------------------------------------------------------------------------------------------------
  s_reg_18_reg[5]/clk                           -       -        R     (arrival)          213     -     0     0       0    (-,-) 
  s_reg_18_reg[5]/q                             (u)     clk->q   F     unmapped_d_flop     18 153.0     0   589     589    (-,-) 
  mul_4262_72/g319/z                            (u)     in_1->z  R     unmapped_xor2        2  17.0     0   198     788    (-,-) 
  mul_4262_72/g320/z                            (u)     in_0->z  F     unmapped_nand2       1   8.5     0    87     875    (-,-) 
  mul_4262_72/g322/z                            (u)     in_0->z  R     unmapped_nand2       3  25.5     0   121     996    (-,-) 
  mul_4262_72/g727/z                            (u)     in_1->z  R     unmapped_xor2        1   8.5     0   180    1176    (-,-) 
  mul_4262_72/g728/z                            (u)     in_0->z  R     unmapped_xor2        3  25.5     0   215    1391    (-,-) 
  mul_4262_72/g733/z                            (u)     in_1->z  R     unmapped_xor2        1   8.5     0   180    1572    (-,-) 
  mul_4262_72/g734/z                            (u)     in_0->z  R     unmapped_xor2        2  17.0     0   198    1770    (-,-) 
  mul_4262_72/g1155/z                           (u)     in_1->z  F     unmapped_nor2        3  25.5     0   121    1891    (-,-) 
  mul_4262_72/g1226/z                           (u)     in_1->z  R     unmapped_nor2        1   8.5     0    87    1978    (-,-) 
  mul_4262_72/g1228/z                           (u)     in_0->z  F     unmapped_nor2        3  25.5     0   121    2099    (-,-) 
  mul_4262_72/g1300/z                           (u)     in_0->z  R     unmapped_nor2        1   8.5     0    87    2186    (-,-) 
  mul_4262_72/g1302/z                           (u)     in_0->z  F     unmapped_nor2        5  42.5     0   152    2338    (-,-) 
  mul_4262_72/g1388/z                           (u)     in_1->z  R     unmapped_nor2        1   8.5     0    87    2425    (-,-) 
  mul_4262_72/g1390/z                           (u)     in_0->z  F     unmapped_nor2        1   8.5     0    87    2512    (-,-) 
  mul_4262_72/g1442/z                           (u)     in_0->z  R     unmapped_nand2      17 144.5     0   257    2770    (-,-) 
  mul_4262_72/g1524/z                           (u)     in_0->z  F     unmapped_nand2       1   8.5     0    87    2857    (-,-) 
  mul_4262_72/g1525/z                           (u)     in_1->z  R     unmapped_nand2       6  51.0     0   166    3023    (-,-) 
  mul_4262_72/g427/z                            (u)     in_1->z  F     unmapped_nand2       1   8.5     0    87    3110    (-,-) 
  mul_4262_72/g428/z                            (u)     in_1->z  R     unmapped_nand2       1   8.5     0    87    3197    (-,-) 
  mul_4262_72/g526/z                            (u)     in_0->z  R     unmapped_xnor2      26  25.5     0   300    3497    (-,-) 
  mux_qcnn_N_Mux_25_2_7_4_35_out1_4381_13/g21/z (u)     sel0->z  R     unmapped_bmux2       2  17.0     0   198    3695    (-,-) 
  gt_3997_110/g22/z                             (u)     in_0->z  F     unmapped_not         2  17.0     0    69    3764    (-,-) 
  gt_3997_110/g39/z                             (u)     in_1->z  R     unmapped_nand2       1   8.5     0    87    3851    (-,-) 
  gt_3997_110/g87/z                             (u)     in_0->z  F     unmapped_nor2        1   8.5     0    87    3938    (-,-) 
  gt_3997_110/g89/z                             (u)     in_0->z  R     unmapped_nor2        1   8.5     0    87    4025    (-,-) 
  gt_3997_110/g138/z                            (u)     in_0->z  F     unmapped_nor2        1   8.5     0    87    4112    (-,-) 
  gt_3997_110/g140/z                            (u)     in_0->z  R     unmapped_nor2        1   8.5     0    87    4199    (-,-) 
  gt_3997_110/g192/z                            (u)     in_0->z  F     unmapped_nand2       1   8.5     0    87    4286    (-,-) 
  gt_3997_110/g244/z                            (u)     in_1->z  R     unmapped_nand2       1   8.5     0    87    4373    (-,-) 
  gt_3997_110/g338/z                            (u)     in_0->z  F     unmapped_not         1   8.5     0    51    4424    (-,-) 
  gt_3997_110/g271/z                            (u)     in_0->z  R     unmapped_nand2       1   8.5     0    87    4512    (-,-) 
  g52/z                                         (u)     in_1->z  R     unmapped_xor2        1   8.5     0   180    4692    (-,-) 
  mux_qcnn_N_Mux_8_2_65_4_37_ctrl1_3189_13/g1/z (u)     data0->z R     unmapped_bmux2       8  68.0     0   285    4977    (-,-) 
  mux_qcnn_N_Mux_8_2_65_4_37_out1_4478_13/g7/z  (u)     sel0->z  R     unmapped_bmux2       2  17.0     0   198    5175    (-,-) 
  gt_4010_79/g8/z                               (u)     in_0->z  F     unmapped_not         2  17.0     0    69    5244    (-,-) 
  gt_4010_79/g15/z                              (u)     in_1->z  R     unmapped_nor2        1   8.5     0    87    5331    (-,-) 
  gt_4010_79/g29/z                              (u)     in_0->z  F     unmapped_not         1   8.5     0    51    5382    (-,-) 
  gt_4010_79/g30/z                              (u)     in_1->z  R     unmapped_nand2       1   8.5     0    87    5469    (-,-) 
  gt_4010_79/g31/z                              (u)     in_1->z  F     unmapped_nand2       1   8.5     0    87    5556    (-,-) 
  gt_4010_79/g47/z                              (u)     in_1->z  R     unmapped_nand2       1   8.5     0    87    5643    (-,-) 
  gt_4010_79/g48/z                              (u)     in_1->z  F     unmapped_nand2       1   8.5     0    87    5730    (-,-) 
  gt_4010_79/g68/z                              (u)     in_0->z  R     unmapped_nand2       1   8.5     0    87    5817    (-,-) 
  gt_4010_79/g69/z                              (u)     in_1->z  F     unmapped_nand2       1   8.5     0    87    5904    (-,-) 
  gt_4010_79/g10/z                              (u)     in_0->z  R     unmapped_not         1   8.5     0    51    5955    (-,-) 
  g55/z                                         (u)     in_0->z  R     unmapped_xor2        8  68.0     0   285    6240    (-,-) 
  mux_qcnn_N_Mux_8_2_5_4_39_out1_4429_13/g1/z   (u)     sel0->z  R     unmapped_bmux2       2  17.0     0   198    6438    (-,-) 
  mux_s_reg_13_692_15/g1/z                      (u)     data2->z R     unmapped_mux5        1   8.5     0   288    6726    (-,-) 
  s_reg_13_reg[7]/d                             -       -        R     unmapped_d_flop      1     -     -     0    6726    (-,-) 
#--------------------------------------------------------------------------------------------------------------------------------

(u) : Net has unmapped pin(s).

============================================================
  Generated by:           Genus(TM) Synthesis Solution 23.10-p004_1
  Generated on:           May 25 2025  06:26:30 pm
  Module:                 qcnn
  Operating conditions:   slow (balanced_tree)
  Wireload mode:          enclosed
  Area mode:              timing library
============================================================

No paths found

============================================================
  Generated by:           Genus(TM) Synthesis Solution 23.10-p004_1
  Generated on:           May 25 2025  07:12:39 pm
  Module:                 qcnn
  Operating conditions:   slow (balanced_tree)
  Wireload mode:          enclosed
  Area mode:              timing library
============================================================

Some unconstrained paths have not been displayed.
Use -unconstrained or set the root attribute 'timing_report_unconstrained' to 'true' to see only these unconstrained paths.

============================================================
  Generated by:           Genus(TM) Synthesis Solution 23.10-p004_1
  Generated on:           May 25 2025  07:12:39 pm
  Module:                 qcnn
  Operating conditions:   slow (balanced_tree)
  Wireload mode:          enclosed
  Area mode:              timing library
============================================================

No paths found

============================================================
  Generated by:           Genus(TM) Synthesis Solution 23.10-p004_1
  Generated on:           May 25 2025  07:12:39 pm
  Module:                 qcnn
  Operating conditions:   slow (balanced_tree)
  Wireload mode:          enclosed
  Area mode:              timing library
============================================================


Path 1: MET (5859 ps) Setup Check with Pin gs_ctrl_proc_h10000000000801d_reg[1]/clk->d
          Group: I2C
     Startpoint: (R) start
          Clock: (R) clock
       Endpoint: (R) gs_ctrl_proc_h10000000000801d_reg[1]/d
          Clock: (R) clock

                     Capture       Launch     
        Clock Edge:+   11000            0     
        Drv Adjust:+       0            0     
       Src Latency:+       0            0     
       Net Latency:+       0 (I)        0 (I) 
           Arrival:=   11000            0     
                                              
             Setup:-     241                  
     Required Time:=   10759                  
      Launch Clock:-       0                  
       Input Delay:-    3300                  
         Data Path:-    1600                  
             Slack:=    5859                  

Exceptions/Constraints:
  input_delay             3300            qcnn.sdc_line_5 

#--------------------------------------------------------------------------------------------------------------------------------
#                 Timing Point                   Flags     Arc    Edge      Cell        Fanout Load Trans Delay Arrival Instance 
#                                                                                              (fF)  (ps)  (ps)   (ps)  Location 
#--------------------------------------------------------------------------------------------------------------------------------
  start                                          (u)     -        R     (arrival)            4 34.0     0     0    3300    (-,-) 
  mux_global_state_next_5447_19/g1/z             (u)     sel0->z  F     unmapped_bmux2       1  8.5     0   180    3480    (-,-) 
  mux_global_state_next_5444_15/g4/z             (u)     data0->z F     unmapped_mux19      54 34.0     0   560    4041    (-,-) 
  ctl_global_state_next_4578_19/g25/z            (u)     in_0->z  R     unmapped_not         2 17.0     0    69    4109    (-,-) 
  ctl_global_state_next_4578_19/g1/z             (u)     in_3->z  F     unmapped_nand4       3 25.5     0   191    4300    (-,-) 
  ctl_global_state_next_4578_19/g9/z             (u)     in_1->z  R     unmapped_nor2        1  8.5     0    87    4387    (-,-) 
  ctl_global_state_next_4578_19/g19/z            (u)     in_1->z  F     unmapped_nor3        1  8.5     0   123    4510    (-,-) 
  ctl_global_state_next_4578_19/g20/z            (u)     in_0->z  R     unmapped_not         4 34.0     0   102    4612    (-,-) 
  mux_gs_ctrl_proc_h10000000000801d_4578_19/g2/z (u)     sel1->z  R     unmapped_mux5        1  8.5     0   288    4900    (-,-) 
  gs_ctrl_proc_h10000000000801d_reg[1]/d         -       -        R     unmapped_d_flop      1    -     -     0    4900    (-,-) 
#--------------------------------------------------------------------------------------------------------------------------------

(u) : Net has unmapped pin(s).

============================================================
  Generated by:           Genus(TM) Synthesis Solution 23.10-p004_1
  Generated on:           May 25 2025  07:12:39 pm
  Module:                 qcnn
  Operating conditions:   slow (balanced_tree)
  Wireload mode:          enclosed
  Area mode:              timing library
============================================================


Path 1: MET (7302 ps) Late External Delay Assertion at pin outdata[0]
          Group: C2O
     Startpoint: (R) outdata_slice_reg[0]/clk
          Clock: (R) clock
       Endpoint: (R) outdata[0]
          Clock: (R) clock

                     Capture       Launch     
        Clock Edge:+   11000            0     
       Src Latency:+       0            0     
       Net Latency:+       0 (I)        0 (I) 
           Arrival:=   11000            0     
                                              
      Output Delay:-    3300                  
     Required Time:=    7700                  
      Launch Clock:-       0                  
         Data Path:-     398                  
             Slack:=    7302                  

Exceptions/Constraints:
  output_delay             3300            qcnn.sdc_line_15 

#--------------------------------------------------------------------------------------------------------
#      Timing Point        Flags    Arc   Edge      Cell        Fanout Load Trans Delay Arrival Instance 
#                                                                      (fF)  (ps)  (ps)   (ps)  Location 
#--------------------------------------------------------------------------------------------------------
  outdata_slice_reg[0]/clk -       -      R     (arrival)          213    -     0     0       0    (-,-) 
  outdata_slice_reg[0]/q   (u)     clk->q R     unmapped_d_flop      1  0.0     0   398     398    (-,-) 
  outdata[0]               -       -      R     (port)               -    -     -     0     398    (-,-) 
#--------------------------------------------------------------------------------------------------------

(u) : Net has unmapped pin(s).

============================================================
  Generated by:           Genus(TM) Synthesis Solution 23.10-p004_1
  Generated on:           May 25 2025  07:12:39 pm
  Module:                 qcnn
  Operating conditions:   slow (balanced_tree)
  Wireload mode:          enclosed
  Area mode:              timing library
============================================================


Path 1: MET (3870 ps) Setup Check with Pin s_reg_13_reg[7]/clk->d
          Group: C2C
     Startpoint: (R) s_reg_18_reg[5]/clk
          Clock: (R) clock
       Endpoint: (R) s_reg_13_reg[7]/d
          Clock: (R) clock

                     Capture       Launch     
        Clock Edge:+   11000            0     
       Src Latency:+       0            0     
       Net Latency:+       0 (I)        0 (I) 
           Arrival:=   11000            0     
                                              
             Setup:-     404                  
     Required Time:=   10596                  
      Launch Clock:-       0                  
         Data Path:-    6726                  
             Slack:=    3870                  

#--------------------------------------------------------------------------------------------------------------------------------
#                 Timing Point                  Flags     Arc    Edge      Cell        Fanout  Load Trans Delay Arrival Instance 
#                                                                                              (fF)  (ps)  (ps)   (ps)  Location 
#--------------------------------------------------------------------------------------------------------------------------------
  s_reg_18_reg[5]/clk                           -       -        R     (arrival)          213     -     0     0       0    (-,-) 
  s_reg_18_reg[5]/q                             (u)     clk->q   F     unmapped_d_flop     18 153.0     0   589     589    (-,-) 
  mul_4262_72/g319/z                            (u)     in_1->z  R     unmapped_xor2        2  17.0     0   198     788    (-,-) 
  mul_4262_72/g320/z                            (u)     in_0->z  F     unmapped_nand2       1   8.5     0    87     875    (-,-) 
  mul_4262_72/g322/z                            (u)     in_0->z  R     unmapped_nand2       3  25.5     0   121     996    (-,-) 
  mul_4262_72/g727/z                            (u)     in_1->z  R     unmapped_xor2        1   8.5     0   180    1176    (-,-) 
  mul_4262_72/g728/z                            (u)     in_0->z  R     unmapped_xor2        3  25.5     0   215    1391    (-,-) 
  mul_4262_72/g733/z                            (u)     in_1->z  R     unmapped_xor2        1   8.5     0   180    1572    (-,-) 
  mul_4262_72/g734/z                            (u)     in_0->z  R     unmapped_xor2        2  17.0     0   198    1770    (-,-) 
  mul_4262_72/g1155/z                           (u)     in_1->z  F     unmapped_nor2        3  25.5     0   121    1891    (-,-) 
  mul_4262_72/g1226/z                           (u)     in_1->z  R     unmapped_nor2        1   8.5     0    87    1978    (-,-) 
  mul_4262_72/g1228/z                           (u)     in_0->z  F     unmapped_nor2        3  25.5     0   121    2099    (-,-) 
  mul_4262_72/g1300/z                           (u)     in_0->z  R     unmapped_nor2        1   8.5     0    87    2186    (-,-) 
  mul_4262_72/g1302/z                           (u)     in_0->z  F     unmapped_nor2        5  42.5     0   152    2338    (-,-) 
  mul_4262_72/g1388/z                           (u)     in_1->z  R     unmapped_nor2        1   8.5     0    87    2425    (-,-) 
  mul_4262_72/g1390/z                           (u)     in_0->z  F     unmapped_nor2        1   8.5     0    87    2512    (-,-) 
  mul_4262_72/g1442/z                           (u)     in_0->z  R     unmapped_nand2      17 144.5     0   257    2770    (-,-) 
  mul_4262_72/g1524/z                           (u)     in_0->z  F     unmapped_nand2       1   8.5     0    87    2857    (-,-) 
  mul_4262_72/g1525/z                           (u)     in_1->z  R     unmapped_nand2       6  51.0     0   166    3023    (-,-) 
  mul_4262_72/g427/z                            (u)     in_1->z  F     unmapped_nand2       1   8.5     0    87    3110    (-,-) 
  mul_4262_72/g428/z                            (u)     in_1->z  R     unmapped_nand2       1   8.5     0    87    3197    (-,-) 
  mul_4262_72/g526/z                            (u)     in_0->z  R     unmapped_xnor2      26  25.5     0   300    3497    (-,-) 
  mux_qcnn_N_Mux_25_2_7_4_35_out1_4381_13/g21/z (u)     sel0->z  R     unmapped_bmux2       2  17.0     0   198    3695    (-,-) 
  gt_3991_110/g22/z                             (u)     in_0->z  F     unmapped_not         2  17.0     0    69    3764    (-,-) 
  gt_3991_110/g39/z                             (u)     in_1->z  R     unmapped_nand2       1   8.5     0    87    3851    (-,-) 
  gt_3991_110/g87/z                             (u)     in_0->z  F     unmapped_nor2        1   8.5     0    87    3938    (-,-) 
  gt_3991_110/g89/z                             (u)     in_0->z  R     unmapped_nor2        1   8.5     0    87    4025    (-,-) 
  gt_3991_110/g138/z                            (u)     in_0->z  F     unmapped_nor2        1   8.5     0    87    4112    (-,-) 
  gt_3991_110/g140/z                            (u)     in_0->z  R     unmapped_nor2        1   8.5     0    87    4199    (-,-) 
  gt_3991_110/g192/z                            (u)     in_0->z  F     unmapped_nand2       1   8.5     0    87    4286    (-,-) 
  gt_3991_110/g244/z                            (u)     in_1->z  R     unmapped_nand2       1   8.5     0    87    4373    (-,-) 
  gt_3991_110/g338/z                            (u)     in_0->z  F     unmapped_not         1   8.5     0    51    4424    (-,-) 
  gt_3991_110/g271/z                            (u)     in_0->z  R     unmapped_nand2       1   8.5     0    87    4512    (-,-) 
  g50/z                                         (u)     in_1->z  R     unmapped_xor2        1   8.5     0   180    4692    (-,-) 
  mux_qcnn_N_Mux_8_2_64_4_37_ctrl1_3189_13/g1/z (u)     data0->z R     unmapped_bmux2       8  68.0     0   285    4977    (-,-) 
  mux_qcnn_N_Mux_8_2_64_4_37_out1_4478_13/g7/z  (u)     sel0->z  R     unmapped_bmux2       2  17.0     0   198    5175    (-,-) 
  gt_4010_79/g8/z                               (u)     in_0->z  F     unmapped_not         2  17.0     0    69    5244    (-,-) 
  gt_4010_79/g15/z                              (u)     in_1->z  R     unmapped_nor2        1   8.5     0    87    5331    (-,-) 
  gt_4010_79/g29/z                              (u)     in_0->z  F     unmapped_not         1   8.5     0    51    5382    (-,-) 
  gt_4010_79/g30/z                              (u)     in_1->z  R     unmapped_nand2       1   8.5     0    87    5469    (-,-) 
  gt_4010_79/g31/z                              (u)     in_1->z  F     unmapped_nand2       1   8.5     0    87    5556    (-,-) 
  gt_4010_79/g47/z                              (u)     in_1->z  R     unmapped_nand2       1   8.5     0    87    5643    (-,-) 
  gt_4010_79/g48/z                              (u)     in_1->z  F     unmapped_nand2       1   8.5     0    87    5730    (-,-) 
  gt_4010_79/g68/z                              (u)     in_0->z  R     unmapped_nand2       1   8.5     0    87    5817    (-,-) 
  gt_4010_79/g69/z                              (u)     in_1->z  F     unmapped_nand2       1   8.5     0    87    5904    (-,-) 
  gt_4010_79/g10/z                              (u)     in_0->z  R     unmapped_not         1   8.5     0    51    5955    (-,-) 
  g55/z                                         (u)     in_0->z  R     unmapped_xor2        8  68.0     0   285    6240    (-,-) 
  mux_qcnn_N_Mux_8_2_5_4_39_out1_4429_13/g1/z   (u)     sel0->z  R     unmapped_bmux2       2  17.0     0   198    6438    (-,-) 
  mux_s_reg_13_692_15/g1/z                      (u)     data2->z R     unmapped_mux5        1   8.5     0   288    6726    (-,-) 
  s_reg_13_reg[7]/d                             -       -        R     unmapped_d_flop      1     -     -     0    6726    (-,-) 
#--------------------------------------------------------------------------------------------------------------------------------

(u) : Net has unmapped pin(s).

============================================================
  Generated by:           Genus(TM) Synthesis Solution 23.10-p004_1
  Generated on:           May 25 2025  07:12:39 pm
  Module:                 qcnn
  Operating conditions:   slow (balanced_tree)
  Wireload mode:          enclosed
  Area mode:              timing library
============================================================

No paths found

============================================================
  Generated by:           Genus(TM) Synthesis Solution 23.10-p004_1
  Generated on:           May 25 2025  08:10:43 pm
  Module:                 qcnn
  Operating conditions:   slow (balanced_tree)
  Wireload mode:          enclosed
  Area mode:              timing library
============================================================

Some unconstrained paths have not been displayed.
Use -unconstrained or set the root attribute 'timing_report_unconstrained' to 'true' to see only these unconstrained paths.

============================================================
  Generated by:           Genus(TM) Synthesis Solution 23.10-p004_1
  Generated on:           May 25 2025  08:10:44 pm
  Module:                 qcnn
  Operating conditions:   slow (balanced_tree)
  Wireload mode:          enclosed
  Area mode:              timing library
============================================================

No paths found

============================================================
  Generated by:           Genus(TM) Synthesis Solution 23.10-p004_1
  Generated on:           May 25 2025  08:10:44 pm
  Module:                 qcnn
  Operating conditions:   slow (balanced_tree)
  Wireload mode:          enclosed
  Area mode:              timing library
============================================================


Path 1: MET (5859 ps) Setup Check with Pin gs_ctrl_proc_h10000000000801d_reg[1]/clk->d
          Group: I2C
     Startpoint: (R) start
          Clock: (R) clock
       Endpoint: (R) gs_ctrl_proc_h10000000000801d_reg[1]/d
          Clock: (R) clock

                     Capture       Launch     
        Clock Edge:+   11000            0     
        Drv Adjust:+       0            0     
       Src Latency:+       0            0     
       Net Latency:+       0 (I)        0 (I) 
           Arrival:=   11000            0     
                                              
             Setup:-     241                  
     Required Time:=   10759                  
      Launch Clock:-       0                  
       Input Delay:-    3300                  
         Data Path:-    1600                  
             Slack:=    5859                  

Exceptions/Constraints:
  input_delay             3300            qcnn.sdc_line_5 

#--------------------------------------------------------------------------------------------------------------------------------
#                 Timing Point                   Flags     Arc    Edge      Cell        Fanout Load Trans Delay Arrival Instance 
#                                                                                              (fF)  (ps)  (ps)   (ps)  Location 
#--------------------------------------------------------------------------------------------------------------------------------
  start                                          (u)     -        R     (arrival)            4 34.0     0     0    3300    (-,-) 
  mux_global_state_next_5447_19/g1/z             (u)     sel0->z  F     unmapped_bmux2       1  8.5     0   180    3480    (-,-) 
  mux_global_state_next_5444_15/g4/z             (u)     data0->z F     unmapped_mux19      54 34.0     0   560    4041    (-,-) 
  ctl_global_state_next_4578_19/g25/z            (u)     in_0->z  R     unmapped_not         2 17.0     0    69    4109    (-,-) 
  ctl_global_state_next_4578_19/g1/z             (u)     in_3->z  F     unmapped_nand4       3 25.5     0   191    4300    (-,-) 
  ctl_global_state_next_4578_19/g9/z             (u)     in_1->z  R     unmapped_nor2        1  8.5     0    87    4387    (-,-) 
  ctl_global_state_next_4578_19/g19/z            (u)     in_1->z  F     unmapped_nor3        1  8.5     0   123    4510    (-,-) 
  ctl_global_state_next_4578_19/g20/z            (u)     in_0->z  R     unmapped_not         4 34.0     0   102    4612    (-,-) 
  mux_gs_ctrl_proc_h10000000000801d_4578_19/g2/z (u)     sel1->z  R     unmapped_mux5        1  8.5     0   288    4900    (-,-) 
  gs_ctrl_proc_h10000000000801d_reg[1]/d         -       -        R     unmapped_d_flop      1    -     -     0    4900    (-,-) 
#--------------------------------------------------------------------------------------------------------------------------------

(u) : Net has unmapped pin(s).

============================================================
  Generated by:           Genus(TM) Synthesis Solution 23.10-p004_1
  Generated on:           May 25 2025  08:10:44 pm
  Module:                 qcnn
  Operating conditions:   slow (balanced_tree)
  Wireload mode:          enclosed
  Area mode:              timing library
============================================================


Path 1: MET (7302 ps) Late External Delay Assertion at pin outdata[0]
          Group: C2O
     Startpoint: (R) outdata_slice_reg[0]/clk
          Clock: (R) clock
       Endpoint: (R) outdata[0]
          Clock: (R) clock

                     Capture       Launch     
        Clock Edge:+   11000            0     
       Src Latency:+       0            0     
       Net Latency:+       0 (I)        0 (I) 
           Arrival:=   11000            0     
                                              
      Output Delay:-    3300                  
     Required Time:=    7700                  
      Launch Clock:-       0                  
         Data Path:-     398                  
             Slack:=    7302                  

Exceptions/Constraints:
  output_delay             3300            qcnn.sdc_line_15 

#--------------------------------------------------------------------------------------------------------
#      Timing Point        Flags    Arc   Edge      Cell        Fanout Load Trans Delay Arrival Instance 
#                                                                      (fF)  (ps)  (ps)   (ps)  Location 
#--------------------------------------------------------------------------------------------------------
  outdata_slice_reg[0]/clk -       -      R     (arrival)          213    -     0     0       0    (-,-) 
  outdata_slice_reg[0]/q   (u)     clk->q R     unmapped_d_flop      1  0.0     0   398     398    (-,-) 
  outdata[0]               -       -      R     (port)               -    -     -     0     398    (-,-) 
#--------------------------------------------------------------------------------------------------------

(u) : Net has unmapped pin(s).

============================================================
  Generated by:           Genus(TM) Synthesis Solution 23.10-p004_1
  Generated on:           May 25 2025  08:10:44 pm
  Module:                 qcnn
  Operating conditions:   slow (balanced_tree)
  Wireload mode:          enclosed
  Area mode:              timing library
============================================================


Path 1: MET (3870 ps) Setup Check with Pin s_reg_13_reg[7]/clk->d
          Group: C2C
     Startpoint: (R) s_reg_18_reg[5]/clk
          Clock: (R) clock
       Endpoint: (R) s_reg_13_reg[7]/d
          Clock: (R) clock

                     Capture       Launch     
        Clock Edge:+   11000            0     
       Src Latency:+       0            0     
       Net Latency:+       0 (I)        0 (I) 
           Arrival:=   11000            0     
                                              
             Setup:-     404                  
     Required Time:=   10596                  
      Launch Clock:-       0                  
         Data Path:-    6726                  
             Slack:=    3870                  

#--------------------------------------------------------------------------------------------------------------------------------
#                 Timing Point                  Flags     Arc    Edge      Cell        Fanout  Load Trans Delay Arrival Instance 
#                                                                                              (fF)  (ps)  (ps)   (ps)  Location 
#--------------------------------------------------------------------------------------------------------------------------------
  s_reg_18_reg[5]/clk                           -       -        R     (arrival)          213     -     0     0       0    (-,-) 
  s_reg_18_reg[5]/q                             (u)     clk->q   F     unmapped_d_flop     18 153.0     0   589     589    (-,-) 
  mul_4262_72/g319/z                            (u)     in_1->z  R     unmapped_xor2        2  17.0     0   198     788    (-,-) 
  mul_4262_72/g320/z                            (u)     in_0->z  F     unmapped_nand2       1   8.5     0    87     875    (-,-) 
  mul_4262_72/g322/z                            (u)     in_0->z  R     unmapped_nand2       3  25.5     0   121     996    (-,-) 
  mul_4262_72/g727/z                            (u)     in_1->z  R     unmapped_xor2        1   8.5     0   180    1176    (-,-) 
  mul_4262_72/g728/z                            (u)     in_0->z  R     unmapped_xor2        3  25.5     0   215    1391    (-,-) 
  mul_4262_72/g733/z                            (u)     in_1->z  R     unmapped_xor2        1   8.5     0   180    1572    (-,-) 
  mul_4262_72/g734/z                            (u)     in_0->z  R     unmapped_xor2        2  17.0     0   198    1770    (-,-) 
  mul_4262_72/g1155/z                           (u)     in_1->z  F     unmapped_nor2        3  25.5     0   121    1891    (-,-) 
  mul_4262_72/g1226/z                           (u)     in_1->z  R     unmapped_nor2        1   8.5     0    87    1978    (-,-) 
  mul_4262_72/g1228/z                           (u)     in_0->z  F     unmapped_nor2        3  25.5     0   121    2099    (-,-) 
  mul_4262_72/g1300/z                           (u)     in_0->z  R     unmapped_nor2        1   8.5     0    87    2186    (-,-) 
  mul_4262_72/g1302/z                           (u)     in_0->z  F     unmapped_nor2        5  42.5     0   152    2338    (-,-) 
  mul_4262_72/g1388/z                           (u)     in_1->z  R     unmapped_nor2        1   8.5     0    87    2425    (-,-) 
  mul_4262_72/g1390/z                           (u)     in_0->z  F     unmapped_nor2        1   8.5     0    87    2512    (-,-) 
  mul_4262_72/g1442/z                           (u)     in_0->z  R     unmapped_nand2      17 144.5     0   257    2770    (-,-) 
  mul_4262_72/g1524/z                           (u)     in_0->z  F     unmapped_nand2       1   8.5     0    87    2857    (-,-) 
  mul_4262_72/g1525/z                           (u)     in_1->z  R     unmapped_nand2       6  51.0     0   166    3023    (-,-) 
  mul_4262_72/g427/z                            (u)     in_1->z  F     unmapped_nand2       1   8.5     0    87    3110    (-,-) 
  mul_4262_72/g428/z                            (u)     in_1->z  R     unmapped_nand2       1   8.5     0    87    3197    (-,-) 
  mul_4262_72/g526/z                            (u)     in_0->z  R     unmapped_xnor2      26  25.5     0   300    3497    (-,-) 
  mux_qcnn_N_Mux_25_2_7_4_35_out1_4381_13/g21/z (u)     sel0->z  R     unmapped_bmux2       2  17.0     0   198    3695    (-,-) 
  gt_3991_110/g22/z                             (u)     in_0->z  F     unmapped_not         2  17.0     0    69    3764    (-,-) 
  gt_3991_110/g39/z                             (u)     in_1->z  R     unmapped_nand2       1   8.5     0    87    3851    (-,-) 
  gt_3991_110/g87/z                             (u)     in_0->z  F     unmapped_nor2        1   8.5     0    87    3938    (-,-) 
  gt_3991_110/g89/z                             (u)     in_0->z  R     unmapped_nor2        1   8.5     0    87    4025    (-,-) 
  gt_3991_110/g138/z                            (u)     in_0->z  F     unmapped_nor2        1   8.5     0    87    4112    (-,-) 
  gt_3991_110/g140/z                            (u)     in_0->z  R     unmapped_nor2        1   8.5     0    87    4199    (-,-) 
  gt_3991_110/g192/z                            (u)     in_0->z  F     unmapped_nand2       1   8.5     0    87    4286    (-,-) 
  gt_3991_110/g244/z                            (u)     in_1->z  R     unmapped_nand2       1   8.5     0    87    4373    (-,-) 
  gt_3991_110/g338/z                            (u)     in_0->z  F     unmapped_not         1   8.5     0    51    4424    (-,-) 
  gt_3991_110/g271/z                            (u)     in_0->z  R     unmapped_nand2       1   8.5     0    87    4512    (-,-) 
  g50/z                                         (u)     in_1->z  R     unmapped_xor2        1   8.5     0   180    4692    (-,-) 
  mux_qcnn_N_Mux_8_2_64_4_37_ctrl1_3189_13/g1/z (u)     data0->z R     unmapped_bmux2       8  68.0     0   285    4977    (-,-) 
  mux_qcnn_N_Mux_8_2_64_4_37_out1_4478_13/g7/z  (u)     sel0->z  R     unmapped_bmux2       2  17.0     0   198    5175    (-,-) 
  gt_4010_79/g8/z                               (u)     in_0->z  F     unmapped_not         2  17.0     0    69    5244    (-,-) 
  gt_4010_79/g15/z                              (u)     in_1->z  R     unmapped_nor2        1   8.5     0    87    5331    (-,-) 
  gt_4010_79/g29/z                              (u)     in_0->z  F     unmapped_not         1   8.5     0    51    5382    (-,-) 
  gt_4010_79/g30/z                              (u)     in_1->z  R     unmapped_nand2       1   8.5     0    87    5469    (-,-) 
  gt_4010_79/g31/z                              (u)     in_1->z  F     unmapped_nand2       1   8.5     0    87    5556    (-,-) 
  gt_4010_79/g47/z                              (u)     in_1->z  R     unmapped_nand2       1   8.5     0    87    5643    (-,-) 
  gt_4010_79/g48/z                              (u)     in_1->z  F     unmapped_nand2       1   8.5     0    87    5730    (-,-) 
  gt_4010_79/g68/z                              (u)     in_0->z  R     unmapped_nand2       1   8.5     0    87    5817    (-,-) 
  gt_4010_79/g69/z                              (u)     in_1->z  F     unmapped_nand2       1   8.5     0    87    5904    (-,-) 
  gt_4010_79/g10/z                              (u)     in_0->z  R     unmapped_not         1   8.5     0    51    5955    (-,-) 
  g55/z                                         (u)     in_0->z  R     unmapped_xor2        8  68.0     0   285    6240    (-,-) 
  mux_qcnn_N_Mux_8_2_5_4_39_out1_4429_13/g1/z   (u)     sel0->z  R     unmapped_bmux2       2  17.0     0   198    6438    (-,-) 
  mux_s_reg_13_692_15/g1/z                      (u)     data2->z R     unmapped_mux5        1   8.5     0   288    6726    (-,-) 
  s_reg_13_reg[7]/d                             -       -        R     unmapped_d_flop      1     -     -     0    6726    (-,-) 
#--------------------------------------------------------------------------------------------------------------------------------

(u) : Net has unmapped pin(s).

============================================================
  Generated by:           Genus(TM) Synthesis Solution 23.10-p004_1
  Generated on:           May 25 2025  08:10:44 pm
  Module:                 qcnn
  Operating conditions:   slow (balanced_tree)
  Wireload mode:          enclosed
  Area mode:              timing library
============================================================

No paths found

