============================================================
  Generated by:           Genus(TM) Synthesis Solution 23.10-p004_1
  Generated on:           May 25 2025  08:13:03 pm
  Module:                 qcnn
  Operating conditions:   slow (balanced_tree)
  Wireload mode:          enclosed
  Area mode:              timing library
============================================================


Path 1: MET (1593 ps) Setup Check with Pin s_reg_18_reg[31]/CK->D
          Group: C2C
     Startpoint: (R) gs_ctrl_proc_h40040000000000_reg/CK
          Clock: (R) clock
       Endpoint: (F) s_reg_18_reg[31]/D
          Clock: (R) clock

                     Capture       Launch     
        Clock Edge:+   11000            0     
       Src Latency:+       0            0     
       Net Latency:+       0 (I)        0 (I) 
           Arrival:=   11000            0     
                                              
             Setup:-     264                  
     Required Time:=   10736                  
      Launch Clock:-       0                  
         Data Path:-    9143                  
             Slack:=    1593                  

#----------------------------------------------------------------------------------------------------------------
#             Timing Point              Flags    Arc    Edge   Cell     Fanout Load Trans Delay Arrival Instance 
#                                                                              (fF)  (ps)  (ps)   (ps)  Location 
#----------------------------------------------------------------------------------------------------------------
  gs_ctrl_proc_h40040000000000_reg/CK   -       -       R     (arrival)    195    -     0     0       0    (-,-) 
  gs_ctrl_proc_h40040000000000_reg/Q    -       CK->Q   R     DFFRX1         5 22.9   318   802     802    (-,-) 
  g35383__2346/Y                        -       S0->Y   R     MX2X1         11 46.6   608   602    1404    (-,-) 
  csa_tree_mul_4306_112_g992/Y          -       A->Y    F     INVX1         10 45.1   359   333    1738    (-,-) 
  csa_tree_mul_4306_112_g943/Y          -       B->Y    R     MXI2X1         9 35.1   817   462    2199    (-,-) 
  csa_tree_mul_4306_112_g914/Y          -       B0->Y   F     OAI21XL        8 34.8   552   477    2676    (-,-) 
  csa_tree_mul_4306_112_g881/Y          -       A0->Y   R     OAI22X1        1  6.8   366   252    2928    (-,-) 
  csa_tree_mul_4306_112_cdnfadd_004_0/S -       B->S    F     ADDFX1         1  3.2   148   594    3521    (-,-) 
  g41390/Y                              -       A->Y    F     AND2X2         1  7.6    73   178    3699    (-,-) 
  g41548/CO                             -       C->CO   F     CMPR42X1       1  2.7   100   714    4413    (-,-) 
  g41547/CO                             -       ICI->CO F     CMPR42X1       1  2.7   100   301    4714    (-,-) 
  g41546/CO                             -       ICI->CO F     CMPR42X1       1  2.7   100   301    5015    (-,-) 
  g41545/CO                             -       ICI->CO F     CMPR42X1       3 10.7   154   356    5371    (-,-) 
  csa_tree_add_3739_54_groupi_g1606/Y   -       B->Y    R     NAND2BX1       3 11.3   211   164    5534    (-,-) 
  csa_tree_add_3739_54_groupi_g1604/Y   -       B->Y    F     NOR4BX1        1  4.9   149   108    5643    (-,-) 
  csa_tree_add_3739_54_groupi_g1602/Y   -       B0->Y   R     AOI211X1       3 11.1   445   287    5930    (-,-) 
  csa_tree_add_3739_54_groupi_g1599/Y   -       A->Y    F     NOR2X1         3 13.4   168   146    6076    (-,-) 
  csa_tree_add_3739_54_groupi_g1594/Y   -       A0->Y   R     AOI31X1        3 11.1   358   247    6324    (-,-) 
  csa_tree_add_3739_54_groupi_g1590/Y   -       A->Y    F     NOR2X1         2  8.3   123   104    6428    (-,-) 
  csa_tree_add_3739_54_groupi_g1585/Y   -       A->Y    R     NAND2X1        2  8.0   178   120    6547    (-,-) 
  csa_tree_add_3739_54_groupi_g1579/Y   -       A0->Y   F     OAI31X1        4 14.7   220   147    6695    (-,-) 
  csa_tree_add_3739_54_groupi_g1578/Y   -       A->Y    F     AND2X2         2  9.2    75   199    6894    (-,-) 
  csa_tree_add_3739_54_groupi_g1573/Y   -       A0->Y   R     AOI221X1       4 14.9   585   398    7291    (-,-) 
  csa_tree_add_3739_54_groupi_g1569/Y   -       A->Y    F     NOR3X1         1  4.9   143   115    7407    (-,-) 
  csa_tree_add_3739_54_groupi_g1566/Y   -       B0->Y   R     AOI211X1       3 10.2   428   274    7681    (-,-) 
  csa_tree_add_3739_54_groupi_g1562/Y   -       A0->Y   F     OAI21XL        3 11.4   222   194    7875    (-,-) 
  csa_tree_add_3739_54_groupi_g1560/Y   -       A0->Y   R     AOI21X1        3 10.2   303   239    8114    (-,-) 
  csa_tree_add_3739_54_groupi_g1558/Y   -       A0->Y   F     OAI21XL        3 11.4   217   179    8293    (-,-) 
  csa_tree_add_3739_54_groupi_g1556/Y   -       A0->Y   R     AOI21X1        3 10.2   306   238    8531    (-,-) 
  csa_tree_add_3739_54_groupi_g1554/Y   -       A0->Y   F     OAI21XL        2  6.8   163   140    8671    (-,-) 
  csa_tree_add_3739_54_groupi_g1553/Y   -       A1N->Y  F     OAI2BB2X1      1  4.3   114   224    8895    (-,-) 
  g40438__2883/Y                        -       B0->Y   R     AOI22X1        1  2.6   315   190    9086    (-,-) 
  g40409/Y                              -       A->Y    F     INVXL          1  1.9    78    57    9143    (-,-) 
  s_reg_18_reg[31]/D                    -       -       F     DFFX1          1    -     -     0    9143    (-,-) 
#----------------------------------------------------------------------------------------------------------------

