============================================================
  Generated by:           Genus(TM) Synthesis Solution 23.10-p004_1
  Generated on:           May 25 2025  08:12:53 pm
  Module:                 qcnn
  Operating conditions:   slow (balanced_tree)
  Wireload mode:          enclosed
  Area mode:              timing library
============================================================


Path 1: MET (1419 ps) Setup Check with Pin s_reg_18_reg[31]/CK->D
          Group: C2C
     Startpoint: (R) gs_ctrl_proc_h40040000000000_reg/CK
          Clock: (R) clock
       Endpoint: (F) s_reg_18_reg[31]/D
          Clock: (R) clock

                     Capture       Launch     
        Clock Edge:+   11000            0     
       Src Latency:+       0            0     
       Net Latency:+       0 (I)        0 (I) 
           Arrival:=   11000            0     
                                              
             Setup:-     335                  
     Required Time:=   10665                  
      Launch Clock:-       0                  
         Data Path:-    9247                  
             Slack:=    1419                  

#---------------------------------------------------------------------------------------------------------------
#             Timing Point              Flags    Arc   Edge   Cell     Fanout Load Trans Delay Arrival Instance 
#                                                                             (fF)  (ps)  (ps)   (ps)  Location 
#---------------------------------------------------------------------------------------------------------------
  gs_ctrl_proc_h40040000000000_reg/CK   -       -      R     (arrival)    195    -     0     0       0    (-,-) 
  gs_ctrl_proc_h40040000000000_reg/Q    -       CK->Q  R     DFFRX1         5 22.9   318   802     802    (-,-) 
  g35383__2346/Y                        -       S0->Y  R     MX2X1         11 46.6   608   602    1404    (-,-) 
  csa_tree_mul_4306_112_g992/Y          -       A->Y   F     INVX1         10 45.1   359   333    1738    (-,-) 
  csa_tree_mul_4306_112_g943/Y          -       B->Y   R     MXI2X1         9 35.1   817   462    2199    (-,-) 
  csa_tree_mul_4306_112_g914/Y          -       B0->Y  F     OAI21XL        8 34.8   552   477    2676    (-,-) 
  csa_tree_mul_4306_112_g881/Y          -       A0->Y  R     OAI22X1        1  6.8   366   252    2928    (-,-) 
  csa_tree_mul_4306_112_cdnfadd_004_0/S -       B->S   F     ADDFX1         1  3.2   148   594    3521    (-,-) 
  g41390/Y                              -       A->Y   F     AND2X2         1  6.2    74   174    3696    (-,-) 
  csa_tree_add_3739_54_groupi_g1656/S   -       CI->S  F     ADDFX1         1  6.9   172   270    3965    (-,-) 
  csa_tree_add_3739_54_groupi_g1610/CO  -       A->CO  F     ADDFX1         1  6.2   142   485    4450    (-,-) 
  csa_tree_add_3739_54_groupi_g1609/CO  -       CI->CO F     ADDFX1         1  6.2   142   330    4780    (-,-) 
  csa_tree_add_3739_54_groupi_g1608/CO  -       CI->CO F     ADDFX1         1  6.2   142   330    5110    (-,-) 
  csa_tree_add_3739_54_groupi_g1607/CO  -       CI->CO F     ADDFX2         3 10.7   159   365    5475    (-,-) 
  csa_tree_add_3739_54_groupi_g1606/Y   -       B->Y   R     NAND2BX1       3 11.3   211   165    5640    (-,-) 
  csa_tree_add_3739_54_groupi_g1604/Y   -       B->Y   F     NOR4BX1        1  4.9   149   108    5748    (-,-) 
  csa_tree_add_3739_54_groupi_g1602/Y   -       B0->Y  R     AOI211X1       3 11.1   445   287    6035    (-,-) 
  csa_tree_add_3739_54_groupi_g1599/Y   -       A->Y   F     NOR2X1         3 13.4   168   146    6182    (-,-) 
  csa_tree_add_3739_54_groupi_g1594/Y   -       A0->Y  R     AOI31X1        3 11.1   358   247    6429    (-,-) 
  csa_tree_add_3739_54_groupi_g1590/Y   -       A->Y   F     NOR2X1         2  8.3   123   104    6533    (-,-) 
  csa_tree_add_3739_54_groupi_g1585/Y   -       A->Y   R     NAND2X1        2  8.0   172   120    6653    (-,-) 
  csa_tree_add_3739_54_groupi_g1579/Y   -       A0->Y  F     OAI31X1        4 14.7   219   147    6800    (-,-) 
  csa_tree_add_3739_54_groupi_g1578/Y   -       A->Y   F     AND2X2         2  9.2    74   199    6998    (-,-) 
  csa_tree_add_3739_54_groupi_g1573/Y   -       A0->Y  R     AOI221X1       4 14.9   584   397    7396    (-,-) 
  csa_tree_add_3739_54_groupi_g1569/Y   -       A->Y   F     NOR3X1         1  4.9   143   115    7511    (-,-) 
  csa_tree_add_3739_54_groupi_g1566/Y   -       B0->Y  R     AOI211X1       3 10.2   426   274    7785    (-,-) 
  csa_tree_add_3739_54_groupi_g1562/Y   -       A0->Y  F     OAI21XL        3 11.4   220   194    7979    (-,-) 
  csa_tree_add_3739_54_groupi_g1560/Y   -       A0->Y  R     AOI21X1        3 10.2   301   238    8218    (-,-) 
  csa_tree_add_3739_54_groupi_g1558/Y   -       A0->Y  F     OAI21XL        3 11.4   215   179    8396    (-,-) 
  csa_tree_add_3739_54_groupi_g1556/Y   -       A0->Y  R     AOI21X1        3 10.2   302   238    8634    (-,-) 
  csa_tree_add_3739_54_groupi_g1554/Y   -       A0->Y  F     OAI21XL        2  6.8   161   140    8774    (-,-) 
  csa_tree_add_3739_54_groupi_g1553/Y   -       A1N->Y F     OAI2BB2X1      1  4.3   114   224    8997    (-,-) 
  g40438__2883/Y                        -       B0->Y  R     AOI22X1        1  2.6   315   190    9188    (-,-) 
  g40409/Y                              -       A->Y   F     INVXL          1  2.1    80    59    9247    (-,-) 
  s_reg_18_reg[31]/D                    -       -      F     DFFHQX1        1    -     -     0    9247    (-,-) 
#---------------------------------------------------------------------------------------------------------------

