============================================================
  Generated by:           Genus(TM) Synthesis Solution 23.10-p004_1
  Generated on:           May 25 2025  08:13:03 pm
  Module:                 qcnn
  Operating conditions:   slow (balanced_tree)
  Wireload mode:          enclosed
  Area mode:              timing library
============================================================


Path 1: MET (7398 ps) Late External Delay Assertion at pin outvalid
          Group: C2O
     Startpoint: (R) outvalid_reg/CK
          Clock: (R) clock
       Endpoint: (R) outvalid
          Clock: (R) clock

                     Capture       Launch     
        Clock Edge:+   11000            0     
       Src Latency:+       0            0     
       Net Latency:+       0 (I)        0 (I) 
           Arrival:=   11000            0     
                                              
      Output Delay:-    3300                  
     Required Time:=    7700                  
      Launch Clock:-       0                  
         Data Path:-     302                  
             Slack:=    7398                  

Exceptions/Constraints:
  output_delay             3300            qcnn.sdc_line_14 

#----------------------------------------------------------------------------------------
#  Timing Point   Flags   Arc   Edge   Cell     Fanout Load Trans Delay Arrival Instance 
#                                                      (fF)  (ps)  (ps)   (ps)  Location 
#----------------------------------------------------------------------------------------
  outvalid_reg/CK -       -     R     (arrival)    195    -     0     0       0    (-,-) 
  outvalid_reg/Q  -       CK->Q R     SDFFHQX1       2  1.7    76   302     302    (-,-) 
  outvalid        -       -     R     (port)         -    -     -     0     302    (-,-) 
#----------------------------------------------------------------------------------------

